Archive member included to satisfy reference by file (symbol)

/Applications/microchip/xc8/v2.30/avr/bin/../lib/gcc/avr/5.4.0/avrxmega3/libgcc.a(_udivmodhi4.o)
                              build/AWS_IOT/production/mcc_generated_files/CryptoAuthenticationLibrary/atcacert/atcacert_def.o (__udivmodhi4)
/Applications/microchip/xc8/v2.30/avr/bin/../lib/gcc/avr/5.4.0/avrxmega3/libgcc.a(_divmodhi4.o)
                              build/AWS_IOT/production/mcc_generated_files/CryptoAuthenticationLibrary/atcacert/atcacert_date.o (__divmodhi4)
/Applications/microchip/xc8/v2.30/avr/bin/../lib/gcc/avr/5.4.0/avrxmega3/libgcc.a(_udivmodsi4.o)
                              build/AWS_IOT/production/mcc_generated_files/CryptoAuthenticationLibrary/atcacert/atcacert_date.o (__udivmodsi4)
/Applications/microchip/xc8/v2.30/avr/bin/../lib/gcc/avr/5.4.0/avrxmega3/libgcc.a(_exit.o)
                              /Applications/microchip/xc8/v2.30/dfp/xc8/avr/lib/avrxmega3/crtatmega4808.o (exit)
/Applications/microchip/xc8/v2.30/avr/bin/../lib/gcc/avr/5.4.0/avrxmega3/libgcc.a(_tablejump2.o)
                              build/AWS_IOT/production/mcc_generated_files/CryptoAuthenticationLibrary/atcacert/atcacert_def.o (__tablejump2__)
/Applications/microchip/xc8/v2.30/avr/bin/../lib/gcc/avr/5.4.0/avrxmega3/libgcc.a(_copy_data.o)
                              build/AWS_IOT/production/mcc_generated_files/cli/cli.o (__do_copy_data)
/Applications/microchip/xc8/v2.30/avr/bin/../lib/gcc/avr/5.4.0/avrxmega3/libgcc.a(_umulhisi3.o)
                              build/AWS_IOT/production/mcc_generated_files/CryptoAuthenticationLibrary/basic/atca_helpers.o (__umulhisi3)
/Applications/microchip/xc8/v2.30/avr/bin/../lib/gcc/avr/5.4.0/avrxmega3/libgcc.a(_usmulhisi3.o)
                              build/AWS_IOT/production/mcc_generated_files/CryptoAuthenticationLibrary/atcacert/atcacert_date.o (__usmulhisi3)
/Applications/microchip/xc8/v2.30/avr/bin/../lib/gcc/avr/5.4.0/avrxmega3/libgcc.a(_muluhisi3.o)
                              build/AWS_IOT/production/mcc_generated_files/CryptoAuthenticationLibrary/atcacert/atcacert_date.o (__muluhisi3)
/Applications/microchip/xc8/v2.30/avr/bin/../lib/gcc/avr/5.4.0/avrxmega3/libgcc.a(_mulshisi3.o)
                              build/AWS_IOT/production/mcc_generated_files/CryptoAuthenticationLibrary/atcacert/atcacert_date.o (__mulshisi3)
/Applications/microchip/xc8/v2.30/avr/bin/../lib/gcc/avr/5.4.0/../../../../avr/lib/avrxmega3/libc.a(atoi_M.o)
                              build/AWS_IOT/production/mcc_generated_files/cli/cli.o (atoi)
/Applications/microchip/xc8/v2.30/avr/bin/../lib/gcc/avr/5.4.0/../../../../avr/lib/avrxmega3/libc.a(atol.o)
                              /Applications/microchip/xc8/v2.30/avr/bin/../lib/gcc/avr/5.4.0/../../../../avr/lib/avrxmega3/libc.a(atoi_M.o) (atol)
/Applications/microchip/xc8/v2.30/avr/bin/../lib/gcc/avr/5.4.0/../../../../avr/lib/avrxmega3/libc.a(tolower.o)
                              build/AWS_IOT/production/mcc_generated_files/CryptoAuthenticationLibrary/basic/atca_helpers.o (tolower)
/Applications/microchip/xc8/v2.30/avr/bin/../lib/gcc/avr/5.4.0/../../../../avr/lib/avrxmega3/libc.a(toupper.o)
                              build/AWS_IOT/production/mcc_generated_files/CryptoAuthenticationLibrary/basic/atca_helpers.o (toupper)
/Applications/microchip/xc8/v2.30/avr/bin/../lib/gcc/avr/5.4.0/../../../../avr/lib/avrxmega3/libc.a(strtok.o)
                              build/AWS_IOT/production/mcc_generated_files/cli/cli.o (strtok)
/Applications/microchip/xc8/v2.30/avr/bin/../lib/gcc/avr/5.4.0/../../../../avr/lib/avrxmega3/libc.a(memcmp.o)
                              build/AWS_IOT/production/mcc_generated_files/cloud/mqtt_service.o (memcmp)
/Applications/microchip/xc8/v2.30/avr/bin/../lib/gcc/avr/5.4.0/../../../../avr/lib/avrxmega3/libc.a(memcpy.o)
                              build/AWS_IOT/production/mcc_generated_files/CryptoAuthenticationLibrary/atcacert/atcacert_client.o (memcpy)
/Applications/microchip/xc8/v2.30/avr/bin/../lib/gcc/avr/5.4.0/../../../../avr/lib/avrxmega3/libc.a(memmove.o)
                              build/AWS_IOT/production/mcc_generated_files/CryptoAuthenticationLibrary/atcacert/atcacert_client.o (memmove)
/Applications/microchip/xc8/v2.30/avr/bin/../lib/gcc/avr/5.4.0/../../../../avr/lib/avrxmega3/libc.a(memset.o)
                              build/AWS_IOT/production/mcc_generated_files/CryptoAuthenticationLibrary/atcacert/atcacert_def.o (memset)
/Applications/microchip/xc8/v2.30/avr/bin/../lib/gcc/avr/5.4.0/../../../../avr/lib/avrxmega3/libc.a(strchr.o)
                              build/AWS_IOT/production/mcc_generated_files/cli/cli.o (strchr)
/Applications/microchip/xc8/v2.30/avr/bin/../lib/gcc/avr/5.4.0/../../../../avr/lib/avrxmega3/libc.a(strcmp.o)
                              build/AWS_IOT/production/mcc_generated_files/cli/cli.o (strcmp)
[...]
Memory Configuration

Name             Origin             Length             Attributes
text             0x0000000000000000 0x000000000000c000 xr
data             0x0000000000802800 0x0000000000001800 rw !x
eeprom           0x0000000000810000 0x0000000000000100 rw !x
fuse             0x0000000000820000 0x000000000000000a rw !x
lock             0x0000000000830000 0x0000000000000400 rw !x
signature        0x0000000000840000 0x0000000000000400 rw !x
user_signatures  0x0000000000850000 0x0000000000000400 rw !x
*default*        0x0000000000000000 0xffffffffffffffff

Linker script and memory map

Address of section .data set to 0x802800
                0x0000000000004000                __RODATA_PM_OFFSET__ = 0x4000
LOAD /Applications/microchip/xc8/v2.30/dfp/xc8/avr/lib/avrxmega3/crtatmega4808.o
                0x0000000000000001                __MPLAB_BUILD = 0x1
LOAD build/AWS_IOT/production/mcc_generated_files/cli/cli.o
LOAD build/AWS_IOT/production/mcc_generated_files/cloud/crypto_client/crypto_client.o
LOAD build/AWS_IOT/production/mcc_generated_files/cloud/cloud_service.o
LOAD build/AWS_IOT/production/mcc_generated_files/cloud/wifi_service.o
LOAD build/AWS_IOT/production/mcc_generated_files/cloud/mqtt_service.o
LOAD build/AWS_IOT/production/mcc_generated_files/cloud/aws_cloud_service.o
LOAD build/AWS_IOT/production/mcc_generated_files/credentials_storage/credentials_storage.o
LOAD build/AWS_IOT/production/mcc_generated_files/CryptoAuthenticationLibrary/atcacert/atcacert_client.o
LOAD build/AWS_IOT/production/mcc_generated_files/CryptoAuthenticationLibrary/atcacert/atcacert_date.o
LOAD build/AWS_IOT/production/mcc_generated_files/CryptoAuthenticationLibrary/atcacert/atcacert_def.o
LOAD build/AWS_IOT/production/mcc_generated_files/CryptoAuthenticationLibrary/atcacert/atcacert_der.o
LOAD build/AWS_IOT/production/mcc_generated_files/CryptoAuthenticationLibrary/atcacert/atcacert_host_hw.o
LOAD build/AWS_IOT/production/mcc_generated_files/CryptoAuthenticationLibrary/atcacert/atcacert_host_sw.o
LOAD build/AWS_IOT/production/mcc_generated_files/CryptoAuthenticationLibrary/atcacert/atcacert_pem.o
LOAD build/AWS_IOT/production/mcc_generated_files/CryptoAuthenticationLibrary/basic/atca_basic.o
LOAD build/AWS_IOT/production/mcc_generated_files/CryptoAuthenticationLibrary/basic/atca_basic_checkmac.o
LOAD build/AWS_IOT/production/mcc_generated_files/CryptoAuthenticationLibrary/basic/atca_basic_counter.o
LOAD build/AWS_IOT/production/mcc_generated_files/CryptoAuthenticationLibrary/basic/atca_basic_derivekey.o
LOAD build/AWS_IOT/production/mcc_generated_files/CryptoAuthenticationLibrary/basic/atca_basic_ecdh.o
LOAD build/AWS_IOT/production/mcc_generated_files/CryptoAuthenticationLibrary/basic/atca_basic_gendig.o
LOAD build/AWS_IOT/production/mcc_generated_files/CryptoAuthenticationLibrary/basic/atca_basic_genkey.o
LOAD build/AWS_IOT/production/mcc_generated_files/CryptoAuthenticationLibrary/basic/atca_basic_hmac.o
LOAD build/AWS_IOT/production/mcc_generated_files/CryptoAuthenticationLibrary/basic/atca_basic_info.o
LOAD build/AWS_IOT/production/mcc_generated_files/CryptoAuthenticationLibrary/basic/atca_basic_kdf.o
LOAD build/AWS_IOT/production/mcc_generated_files/CryptoAuthenticationLibrary/basic/atca_basic_lock.o
LOAD build/AWS_IOT/production/mcc_generated_files/CryptoAuthenticationLibrary/basic/atca_basic_mac.o
LOAD build/AWS_IOT/production/mcc_generated_files/CryptoAuthenticationLibrary/basic/atca_basic_nonce.o
LOAD build/AWS_IOT/production/mcc_generated_files/CryptoAuthenticationLibrary/basic/atca_basic_privwrite.o
LOAD build/AWS_IOT/production/mcc_generated_files/CryptoAuthenticationLibrary/basic/atca_basic_random.o
LOAD build/AWS_IOT/production/mcc_generated_files/CryptoAuthenticationLibrary/basic/atca_basic_read.o
LOAD build/AWS_IOT/production/mcc_generated_files/CryptoAuthenticationLibrary/basic/atca_basic_secureboot.o
LOAD build/AWS_IOT/production/mcc_generated_files/CryptoAuthenticationLibrary/basic/atca_basic_selftest.o
LOAD build/AWS_IOT/production/mcc_generated_files/CryptoAuthenticationLibrary/basic/atca_basic_sha.o
LOAD build/AWS_IOT/production/mcc_generated_files/CryptoAuthenticationLibrary/basic/atca_basic_sign.o
LOAD build/AWS_IOT/production/mcc_generated_files/CryptoAuthenticationLibrary/basic/atca_basic_updateextra.o
LOAD build/AWS_IOT/production/mcc_generated_files/CryptoAuthenticationLibrary/basic/atca_basic_verify.o
LOAD build/AWS_IOT/production/mcc_generated_files/CryptoAuthenticationLibrary/basic/atca_basic_write.o
LOAD build/AWS_IOT/production/mcc_generated_files/CryptoAuthenticationLibrary/basic/atca_helpers.o
LOAD build/AWS_IOT/production/mcc_generated_files/CryptoAuthenticationLibrary/crypto/hashes/sha1_routines.o
LOAD build/AWS_IOT/production/mcc_generated_files/CryptoAuthenticationLibrary/crypto/hashes/sha2_routines.o
LOAD build/AWS_IOT/production/mcc_generated_files/CryptoAuthenticationLibrary/crypto/atca_crypto_sw_ecdsa.o
LOAD build/AWS_IOT/production/mcc_generated_files/CryptoAuthenticationLibrary/crypto/atca_crypto_sw_rand.o
LOAD build/AWS_IOT/production/mcc_generated_files/CryptoAuthenticationLibrary/crypto/atca_crypto_sw_sha1.o
LOAD build/AWS_IOT/production/mcc_generated_files/CryptoAuthenticationLibrary/crypto/atca_crypto_sw_sha2.o
LOAD build/AWS_IOT/production/mcc_generated_files/CryptoAuthenticationLibrary/hal/atca_hal.o
LOAD build/AWS_IOT/production/mcc_generated_files/CryptoAuthenticationLibrary/hal/atca_i2c_hal.o
LOAD build/AWS_IOT/production/mcc_generated_files/CryptoAuthenticationLibrary/hal/hal_i2c_timer.o
LOAD build/AWS_IOT/production/mcc_generated_files/CryptoAuthenticationLibrary/host/atca_host.o
LOAD build/AWS_IOT/production/mcc_generated_files/CryptoAuthenticationLibrary/jwt/atca_jwt.o
LOAD build/AWS_IOT/production/mcc_generated_files/CryptoAuthenticationLibrary/atca_cfgs.o
LOAD build/AWS_IOT/production/mcc_generated_files/CryptoAuthenticationLibrary/atca_command.o
LOAD build/AWS_IOT/production/mcc_generated_files/CryptoAuthenticationLibrary/atca_device.o
LOAD build/AWS_IOT/production/mcc_generated_files/CryptoAuthenticationLibrary/atca_execution.o
LOAD build/AWS_IOT/production/mcc_generated_files/CryptoAuthenticationLibrary/atca_iface.o
LOAD build/AWS_IOT/production/mcc_generated_files/drivers/spi_master.o
LOAD build/AWS_IOT/production/mcc_generated_files/drivers/timeout.o
LOAD build/AWS_IOT/production/mcc_generated_files/drivers/i2c_simple_master.o
LOAD build/AWS_IOT/production/mcc_generated_files/drivers/uart.o
LOAD build/AWS_IOT/production/mcc_generated_files/mqtt/mqtt_comm_bsd/mqtt_comm_layer.o
LOAD build/AWS_IOT/production/mcc_generated_files/mqtt/mqtt_core/mqtt_core.o
LOAD build/AWS_IOT/production/mcc_generated_files/mqtt/mqtt_exchange_buffer/mqtt_exchange_buffer.o
LOAD build/AWS_IOT/production/mcc_generated_files/mqtt/mqtt_packetTransfer_interface.o
LOAD build/AWS_IOT/production/mcc_generated_files/mqtt/mqtt_winc_adapter.o
LOAD build/AWS_IOT/production/mcc_generated_files/src/pin_manager.o
LOAD build/AWS_IOT/production/mcc_generated_files/src/cpuint.o
LOAD build/AWS_IOT/production/mcc_generated_files/src/spi0.o
LOAD build/AWS_IOT/production/mcc_generated_files/src/protected_io.o
LOAD build/AWS_IOT/production/mcc_generated_files/src/rtc.o
LOAD build/AWS_IOT/production/mcc_generated_files/src/twi0_master.o
LOAD build/AWS_IOT/production/mcc_generated_files/src/adc0.o
LOAD build/AWS_IOT/production/mcc_generated_files/src/usart2.o
LOAD build/AWS_IOT/production/mcc_generated_files/winc/driver/winc_spi.o
LOAD build/AWS_IOT/production/mcc_generated_files/winc/driver/winc_adapter.o
LOAD build/AWS_IOT/production/mcc_generated_files/winc/driver/winc_hif.o
LOAD build/AWS_IOT/production/mcc_generated_files/winc/driver/winc_asic.o
LOAD build/AWS_IOT/production/mcc_generated_files/winc/driver/winc_drv.o
LOAD build/AWS_IOT/production/mcc_generated_files/winc/m2m/m2m_ssl.o
LOAD build/AWS_IOT/production/mcc_generated_files/winc/m2m/m2m_wifi.o
LOAD build/AWS_IOT/production/mcc_generated_files/winc/m2m/m2m_periph.o
LOAD build/AWS_IOT/production/mcc_generated_files/winc/m2m/m2m_ota.o
LOAD build/AWS_IOT/production/mcc_generated_files/winc/m2m/m2m_fwinfo.o
LOAD build/AWS_IOT/production/mcc_generated_files/winc/m2m/m2m_crypto.o
LOAD build/AWS_IOT/production/mcc_generated_files/winc/socket/socket.o
LOAD build/AWS_IOT/production/mcc_generated_files/winc/spi_flash/flexible_flash.o
LOAD build/AWS_IOT/production/mcc_generated_files/winc/spi_flash/spi_flash.o
LOAD build/AWS_IOT/production/mcc_generated_files/mcc.o
LOAD build/AWS_IOT/production/mcc_generated_files/delay.o
LOAD build/AWS_IOT/production/mcc_generated_files/device_config.o
LOAD build/AWS_IOT/production/mcc_generated_files/application_manager.o
LOAD build/AWS_IOT/production/mcc_generated_files/debug_print.o
LOAD build/AWS_IOT/production/mcc_generated_files/led.o
LOAD build/AWS_IOT/production/mcc_generated_files/sensors_handling.o
LOAD build/AWS_IOT/production/mcc_generated_files/time_service.o
LOAD build/AWS_IOT/production/mcc_generated_files/CryptoAuth_init.o
LOAD build/AWS_IOT/production/main.o
START GROUP
LOAD /Applications/microchip/xc8/v2.30/avr/bin/../lib/gcc/avr/5.4.0/../../../../avr/lib/avrxmega3/libm.a
END GROUP
START GROUP
LOAD /Applications/microchip/xc8/v2.30/avr/bin/../lib/gcc/avr/5.4.0/avrxmega3/libgcc.a
LOAD /Applications/microchip/xc8/v2.30/avr/bin/../lib/gcc/avr/5.4.0/../../../../avr/lib/avrxmega3/libm.a
LOAD /Applications/microchip/xc8/v2.30/avr/bin/../lib/gcc/avr/5.4.0/../../../../avr/lib/avrxmega3/libc.a
LOAD /Applications/microchip/xc8/v2.30/dfp/xc8/avr/lib/avrxmega3/libatmega4808.a
END GROUP
                [0x0000000000000000]                __TEXT_REGION_ORIGIN__ = DEFINED (__TEXT_REGION_ORIGIN__)?__TEXT_REGION_ORIGIN__:0x0
                [0x0000000000802800]                __DATA_REGION_ORIGIN__ = DEFINED (__DATA_REGION_ORIGIN__)?__DATA_REGION_ORIGIN__:0x802000
                [0x000000000000c000]                __TEXT_REGION_LENGTH__ = DEFINED (__TEXT_REGION_LENGTH__)?__TEXT_REGION_LENGTH__:0x100000
                [0x0000000000001800]                __DATA_REGION_LENGTH__ = DEFINED (__DATA_REGION_LENGTH__)?__DATA_REGION_LENGTH__:0xffa0
                [0x0000000000000100]                __EEPROM_REGION_LENGTH__ = DEFINED (__EEPROM_REGION_LENGTH__)?__EEPROM_REGION_LENGTH__:0x10000
                [0x000000000000000a]                __FUSE_REGION_LENGTH__ = DEFINED (__FUSE_REGION_LENGTH__)?__FUSE_REGION_LENGTH__:0x400
                0x0000000000000400                __LOCK_REGION_LENGTH__ = DEFINED (__LOCK_REGION_LENGTH__)?__LOCK_REGION_LENGTH__:0x400
                0x0000000000000400                __SIGNATURE_REGION_LENGTH__ = DEFINED (__SIGNATURE_REGION_LENGTH__)?__SIGNATURE_REGION_LENGTH__:0x400
                0x0000000000000400                __USER_SIGNATURE_REGION_LENGTH__ = DEFINED (__USER_SIGNATURE_REGION_LENGTH__)?__USER_SIGNATURE_REGION_LENGTH__:0x400
                0x0000000000008000                __RODATA_PM_OFFSET__ = DEFINED (__RODATA_PM_OFFSET__)?__RODATA_PM_OFFSET__:0x8000

.hash
 *(.hash)

.dynsym
 *(.dynsym)

.dynstr
 *(.dynstr)

.gnu.version
 *(.gnu.version)

.gnu.version_d
 *(.gnu.version_d)

.gnu.version_r
 *(.gnu.version_r)

.rel.init
 *(.rel.init)

.rela.init
 *(.rela.init)

.rel.text
 *(.rel.text)
 *(.rel.text.*)
 *(.rel.gnu.linkonce.t*)

.rela.text
 *(.rela.text)
 *(.rela.text.*)
 *(.rela.gnu.linkonce.t*)

.rel.fini
 *(.rel.fini)

.rela.fini
 *(.rela.fini)

.rel.rodata
 *(.rel.rodata)
 *(.rel.rodata.*)
 *(.rel.gnu.linkonce.r*)

.rela.rodata
 *(.rela.rodata)
 *(.rela.rodata.*)
 *(.rela.gnu.linkonce.r*)

.rel.data
 *(.rel.data)
 *(.rel.data.*)
 *(.rel.gnu.linkonce.d*)

.rela.data
 *(.rela.data)
 *(.rela.data.*)
 *(.rela.gnu.linkonce.d*)

.rel.ctors
 *(.rel.ctors)

.rela.ctors
 *(.rela.ctors)

.rel.dtors
 *(.rel.dtors)

.rela.dtors
 *(.rela.dtors)

.rel.got
 *(.rel.got)

.rela.got
 *(.rela.got)

.rel.bss
 *(.rel.bss)

.rela.bss
 *(.rela.bss)

.rel.plt
 *(.rel.plt)

.rela.plt
 *(.rela.plt)

.text           0x0000000000000000      0x17a
 *(.vectors)
 .vectors       0x0000000000000000       0x90 /Applications/microchip/xc8/v2.30/dfp/xc8/avr/lib/avrxmega3/crtatmega4808.o
                0x0000000000000000                __vectors
                0x0000000000000000                __vector_default
 *(.vectors)
 *(.progmem.gcc*)
 *(.dinit)
 .dinit         0x0000000000000090       0x95 data_init
                0x0000000000000126                . = ALIGN (0x2)
 *fill*         0x0000000000000125        0x1 
                0x0000000000000126                __trampolines_start = .
 *(.trampolines)
 .trampolines   0x0000000000000126        0x0 linker stubs
 *(.trampolines*)
                0x0000000000000126                __trampolines_end = .
 *libprintf_flt.a:*(.progmem.data)
 *libc.a:*(.progmem.data)
                0x0000000000000126                . = ALIGN (0x2)
 *(.jumptables)
 *(.jumptables*)
 *(.lowtext)
 *(.lowtext*)
                0x0000000000000126                __ctors_start = .
 *(.ctors)
                0x0000000000000126                __ctors_end = .
                0x0000000000000126                __dtors_start = .
 *(.dtors)
                0x0000000000000126                __dtors_end = .
 SORT(*)(.ctors)
 SORT(*)(.dtors)
 *(.init0)
 .init0         0x0000000000000126        0x0 /Applications/microchip/xc8/v2.30/dfp/xc8/avr/lib/avrxmega3/crtatmega4808.o
                0x0000000000000126                __init
 *(.init0)
 *(.init1)
 *(.init1)
 *(.init2)
 .init2         0x0000000000000126        0xc /Applications/microchip/xc8/v2.30/dfp/xc8/avr/lib/avrxmega3/crtatmega4808.o
 *(.init2)
 *(.init3)
 *(.init3)
 *(.init4)
 .init4         0x0000000000000132       0x3c /Applications/microchip/xc8/v2.30/avr/bin/../lib/gcc/avr/5.4.0/avrxmega3/libgcc.a(_copy_data.o)
                0x0000000000000132                __do_copy_data
                0x0000000000000160                __do_clear_bss
 *(.init4)
 *(.init5)
 *(.init5)
 *(.init6)
 *(.init6)
 *(.init7)
 *(.init7)
 *(.init8)
 *(.init8)
 *(.init9)
 .init9         0x000000000000016e        0x8 /Applications/microchip/xc8/v2.30/dfp/xc8/avr/lib/avrxmega3/crtatmega4808.o
 *(.init9)
                0x0000000000000176                . = ALIGN (0x2)
 *(.fini9)
 .fini9         0x0000000000000176        0x0 /Applications/microchip/xc8/v2.30/avr/bin/../lib/gcc/avr/5.4.0/avrxmega3/libgcc.a(_exit.o)
                0x0000000000000176                exit
                0x0000000000000176                _exit
 *(.fini9)
 *(.fini8)
 *(.fini8)
 *(.fini7)
 *(.fini7)
 *(.fini6)
 *(.fini6)
 *(.fini5)
 *(.fini5)
 *(.fini4)
 *(.fini4)
 *(.fini3)
 *(.fini3)
 *(.fini2)
 *(.fini2)
 *(.fini1)
 *(.fini1)
 *(.fini0)
 .fini0         0x0000000000000176        0x4 /Applications/microchip/xc8/v2.30/avr/bin/../lib/gcc/avr/5.4.0/avrxmega3/libgcc.a(_exit.o)
 *(.fini0)
                0x000000000000017a                _etext = .

.data           0x0000000000802800        0x0 load address 0x000000000000017a
                [!provide]                        PROVIDE (__data_start, .)
 *(.gnu.linkonce.d*)
                0x0000000000802800                . = ALIGN (0x2)
                0x0000000000802800                _edata = .
                [!provide]                        PROVIDE (__data_end, .)

.bss            0x0000000000802800      0x1ea
                [!provide]                        PROVIDE (__bss_start, .)
 *(COMMON)
 COMMON         0x0000000000802800        0x9 build/AWS_IOT/production/mcc_generated_files/cloud/crypto_client/crypto_client.o
                0x0000000000802800                g_serial_number
 COMMON         0x0000000000802809       0x10 build/AWS_IOT/production/mcc_generated_files/cloud/cloud_service.o
                0x0000000000802809                cloudStatus
                0x000000000080280a                mqttBrokerIP
                0x000000000080280e                shared_networking_params
                0x000000000080280f                cloud_packetReceiveCallBackTable
 COMMON         0x0000000000802819        0x2 build/AWS_IOT/production/mcc_generated_files/cloud/wifi_service.o
                0x0000000000802819                callback_funcPtr
 COMMON         0x000000000080281b       0x5d build/AWS_IOT/production/mcc_generated_files/cloud/mqtt_service.o
                0x000000000080281b                awsEndpoint
                0x000000000080284f                cid
 COMMON         0x0000000000802878        0x4 build/AWS_IOT/production/mcc_generated_files/cloud/aws_cloud_service.o
                0x0000000000802878                imqtt_publishReceiveCallBackTable
 COMMON         0x000000000080287c       0x78 build/AWS_IOT/production/mcc_generated_files/credentials_storage/credentials_storage.o
                0x000000000080287c                ssid
                0x000000000080289d                pass
                0x00000000008028de                ntpServerName
                0x00000000008028f2                authType
 COMMON         0x00000000008028f4       0x1b build/AWS_IOT/production/mcc_generated_files/CryptoAuthenticationLibrary/basic/atca_basic.o
                0x00000000008028f4                g_atcab_device
                0x00000000008028f8                g_atcab_iface
                0x000000000080290b                g_atcab_command
 COMMON         0x000000000080290f        0x2 build/AWS_IOT/production/mcc_generated_files/mqtt/mqtt_packetTransfer_interface.o
                0x000000000080290f                publishRecvCallback
 COMMON         0x0000000000802911       0xc9 build/AWS_IOT/production/mcc_generated_files/application_manager.o
                0x0000000000802911                mqttSubscribeTopic
                0x0000000000802975                retValCryptoClientSerialNumber
                0x0000000000802976                memoryPillSubscribeTopic
 COMMON         0x00000000008029da        0x6 /Applications/microchip/xc8/v2.30/avr/bin/../lib/gcc/avr/5.4.0/../../../../avr/lib/avrxmega3/libc.a(iob.o)
                0x00000000008029da                __iob
 COMMON         0x00000000008029e0        0x4 /Applications/microchip/xc8/v2.30/avr/bin/../lib/gcc/avr/5.4.0/../../../../avr/lib/avrxmega3/libc.a(system_time.o)
                0x00000000008029e0                __system_time
 COMMON         0x00000000008029e4        0x4 /Applications/microchip/xc8/v2.30/avr/bin/../lib/gcc/avr/5.4.0/../../../../avr/lib/avrxmega3/libc.a(utc_offset.o)
                0x00000000008029e4                __utc_offset
 COMMON         0x00000000008029e8        0x2 /Applications/microchip/xc8/v2.30/avr/bin/../lib/gcc/avr/5.4.0/../../../../avr/lib/avrxmega3/libc.a(dst_pointer.o)
                0x00000000008029e8                __dst_ptr
                [!provide]                        PROVIDE (__bss_end, .)
                0x000000000000017a                __data_load_start = LOADADDR (.data)
                0x000000000000017a                __data_load_end = (__data_load_start + SIZEOF (.data))

.noinit         0x00000000008029ea        0x0
                [!provide]                        PROVIDE (__noinit_start, .)
 *(.noinit*)
                [!provide]                        PROVIDE (__noinit_end, .)
                0x00000000008029ea                _end = .

.eeprom         0x0000000000810000        0x0
 *(.eeprom*)
                0x0000000000810000                __eeprom_end = .

.fuse           0x0000000000820000        0x9
 *(.fuse)
 .fuse          0x0000000000820000        0x9 build/AWS_IOT/production/mcc_generated_files/device_config.o
                0x0000000000820000                __fuse
 *(.lfuse)
 *(.hfuse)
 *(.efuse)

.lock
 *(.lock*)

.signature
 *(.signature*)

.user_signatures
 *(.user_signatures*)

.stab
 *(.stab)

.stabstr
 *(.stabstr)

.stab.excl
 *(.stab.excl)

.stab.exclstr
 *(.stab.exclstr)

.stab.index
 *(.stab.index)

.stab.indexstr
 *(.stab.indexstr)

.comment        0x0000000000000000       0x5b
 *(.comment)
 .comment       0x0000000000000000       0x2f build/AWS_IOT/production/mcc_generated_files/cli/cli.o
                                         0x30 (size before relaxing)
 .comment       0x000000000000002f       0x30 build/AWS_IOT/production/mcc_generated_files/cloud/crypto_client/crypto_client.o
 .comment       0x000000000000002f       0x30 build/AWS_IOT/production/mcc_generated_files/cloud/cloud_service.o
 .comment       0x000000000000002f       0x30 build/AWS_IOT/production/mcc_generated_files/cloud/wifi_service.o
 .comment       0x000000000000002f       0x30 build/AWS_IOT/production/mcc_generated_files/cloud/mqtt_service.o
 .comment       0x000000000000002f       0x30 build/AWS_IOT/production/mcc_generated_files/cloud/aws_cloud_service.o
 .comment       0x000000000000002f       0x30 build/AWS_IOT/production/mcc_generated_files/credentials_storage/credentials_storage.o
 .comment       0x000000000000002f       0x30 build/AWS_IOT/production/mcc_generated_files/CryptoAuthenticationLibrary/basic/atca_basic.o
 .comment       0x000000000000002f       0x30 build/AWS_IOT/production/mcc_generated_files/CryptoAuthenticationLibrary/basic/atca_basic_ecdh.o
 .comment       0x000000000000002f       0x30 build/AWS_IOT/production/mcc_generated_files/CryptoAuthenticationLibrary/basic/atca_basic_genkey.o
 .comment       0x000000000000002f       0x30 build/AWS_IOT/production/mcc_generated_files/CryptoAuthenticationLibrary/basic/atca_basic_lock.o
 .comment       0x000000000000002f       0x30 build/AWS_IOT/production/mcc_generated_files/CryptoAuthenticationLibrary/basic/atca_basic_nonce.o
 .comment       0x000000000000002f       0x30 build/AWS_IOT/production/mcc_generated_files/CryptoAuthenticationLibrary/basic/atca_basic_random.o
 .comment       0x000000000000002f       0x30 build/AWS_IOT/production/mcc_generated_files/CryptoAuthenticationLibrary/basic/atca_basic_read.o
 .comment       0x000000000000002f       0x30 build/AWS_IOT/production/mcc_generated_files/CryptoAuthenticationLibrary/basic/atca_basic_sign.o
 .comment       0x000000000000002f       0x30 build/AWS_IOT/production/mcc_generated_files/CryptoAuthenticationLibrary/basic/atca_basic_verify.o
 .comment       0x000000000000002f       0x30 build/AWS_IOT/production/mcc_generated_files/CryptoAuthenticationLibrary/hal/atca_hal.o
 .comment       0x000000000000002f       0x30 build/AWS_IOT/production/mcc_generated_files/CryptoAuthenticationLibrary/hal/atca_i2c_hal.o
 .comment       0x000000000000002f       0x30 build/AWS_IOT/production/mcc_generated_files/CryptoAuthenticationLibrary/hal/hal_i2c_timer.o
 .comment       0x000000000000002f       0x30 build/AWS_IOT/production/mcc_generated_files/CryptoAuthenticationLibrary/atca_command.o
 .comment       0x000000000000002f       0x30 build/AWS_IOT/production/mcc_generated_files/CryptoAuthenticationLibrary/atca_device.o
 .comment       0x000000000000002f       0x30 build/AWS_IOT/production/mcc_generated_files/CryptoAuthenticationLibrary/atca_execution.o
 .comment       0x000000000000002f       0x30 build/AWS_IOT/production/mcc_generated_files/CryptoAuthenticationLibrary/atca_iface.o
 .comment       0x000000000000002f       0x30 build/AWS_IOT/production/mcc_generated_files/drivers/spi_master.o
 .comment       0x000000000000002f       0x30 build/AWS_IOT/production/mcc_generated_files/drivers/timeout.o
 .comment       0x000000000000002f       0x30 build/AWS_IOT/production/mcc_generated_files/drivers/i2c_simple_master.o
 .comment       0x000000000000002f       0x30 build/AWS_IOT/production/mcc_generated_files/drivers/uart.o
 .comment       0x000000000000002f       0x30 build/AWS_IOT/production/mcc_generated_files/mqtt/mqtt_comm_bsd/mqtt_comm_layer.o
 .comment       0x000000000000002f       0x30 build/AWS_IOT/production/mcc_generated_files/mqtt/mqtt_core/mqtt_core.o
 .comment       0x000000000000002f       0x30 build/AWS_IOT/production/mcc_generated_files/mqtt/mqtt_exchange_buffer/mqtt_exchange_buffer.o
 .comment       0x000000000000002f       0x30 build/AWS_IOT/production/mcc_generated_files/mqtt/mqtt_packetTransfer_interface.o
 .comment       0x000000000000002f       0x30 build/AWS_IOT/production/mcc_generated_files/mqtt/mqtt_winc_adapter.o
 .comment       0x000000000000002f       0x30 build/AWS_IOT/production/mcc_generated_files/src/pin_manager.o
 .comment       0x000000000000002f       0x30 build/AWS_IOT/production/mcc_generated_files/src/cpuint.o
 .comment       0x000000000000002f       0x30 build/AWS_IOT/production/mcc_generated_files/src/spi0.o
 .comment       0x000000000000002f       0x30 build/AWS_IOT/production/mcc_generated_files/src/rtc.o
 .comment       0x000000000000002f       0x30 build/AWS_IOT/production/mcc_generated_files/src/twi0_master.o
 .comment       0x000000000000002f       0x30 build/AWS_IOT/production/mcc_generated_files/src/adc0.o
 .comment       0x000000000000002f       0x30 build/AWS_IOT/production/mcc_generated_files/src/usart2.o
 .comment       0x000000000000002f       0x30 build/AWS_IOT/production/mcc_generated_files/winc/driver/winc_spi.o
 .comment       0x000000000000002f       0x30 build/AWS_IOT/production/mcc_generated_files/winc/driver/winc_adapter.o
 .comment       0x000000000000002f       0x30 build/AWS_IOT/production/mcc_generated_files/winc/driver/winc_hif.o
 .comment       0x000000000000002f       0x30 build/AWS_IOT/production/mcc_generated_files/winc/driver/winc_asic.o
 .comment       0x000000000000002f       0x30 build/AWS_IOT/production/mcc_generated_files/winc/driver/winc_drv.o
 .comment       0x000000000000002f       0x30 build/AWS_IOT/production/mcc_generated_files/winc/m2m/m2m_ssl.o
 .comment       0x000000000000002f       0x30 build/AWS_IOT/production/mcc_generated_files/winc/m2m/m2m_wifi.o
 .comment       0x000000000000002f       0x30 build/AWS_IOT/production/mcc_generated_files/winc/m2m/m2m_fwinfo.o
 .comment       0x000000000000002f       0x30 build/AWS_IOT/production/mcc_generated_files/winc/socket/socket.o
 .comment       0x000000000000002f       0x30 build/AWS_IOT/production/mcc_generated_files/winc/spi_flash/spi_flash.o
 .comment       0x000000000000002f       0x30 build/AWS_IOT/production/mcc_generated_files/mcc.o
 .comment       0x000000000000002f       0x30 build/AWS_IOT/production/mcc_generated_files/delay.o
 .comment       0x000000000000002f       0x30 build/AWS_IOT/production/mcc_generated_files/device_config.o
 .comment       0x000000000000002f       0x30 build/AWS_IOT/production/mcc_generated_files/application_manager.o
 .comment       0x000000000000002f       0x30 build/AWS_IOT/production/mcc_generated_files/debug_print.o
 .comment       0x000000000000002f       0x30 build/AWS_IOT/production/mcc_generated_files/led.o
 .comment       0x000000000000002f       0x30 build/AWS_IOT/production/mcc_generated_files/sensors_handling.o
 .comment       0x000000000000002f       0x30 build/AWS_IOT/production/mcc_generated_files/time_service.o
 .comment       0x000000000000002f       0x30 build/AWS_IOT/production/mcc_generated_files/CryptoAuth_init.o
 .comment       0x000000000000002f       0x30 build/AWS_IOT/production/main.o
 .comment       0x000000000000002f       0x2c /Applications/microchip/xc8/v2.30/avr/bin/../lib/gcc/avr/5.4.0/../../../../avr/lib/avrxmega3/libc.a(atoi_M.o)
                                         0x2d (size before relaxing)
 .comment       0x000000000000005b       0x2d /Applications/microchip/xc8/v2.30/avr/bin/../lib/gcc/avr/5.4.0/../../../../avr/lib/avrxmega3/libc.a(strtok.o)
 .comment       0x000000000000005b       0x2d /Applications/microchip/xc8/v2.30/avr/bin/../lib/gcc/avr/5.4.0/../../../../avr/lib/avrxmega3/libc.a(iob.o)
 .comment       0x000000000000005b       0x2d /Applications/microchip/xc8/v2.30/avr/bin/../lib/gcc/avr/5.4.0/../../../../avr/lib/avrxmega3/libc.a(printf.o)
 .comment       0x000000000000005b       0x2d /Applications/microchip/xc8/v2.30/avr/bin/../lib/gcc/avr/5.4.0/../../../../avr/lib/avrxmega3/libc.a(puts.o)
 .comment       0x000000000000005b       0x2d /Applications/microchip/xc8/v2.30/avr/bin/../lib/gcc/avr/5.4.0/../../../../avr/lib/avrxmega3/libc.a(sprintf.o)
 .comment       0x000000000000005b       0x2d /Applications/microchip/xc8/v2.30/avr/bin/../lib/gcc/avr/5.4.0/../../../../avr/lib/avrxmega3/libc.a(vprintf.o)
 .comment       0x000000000000005b       0x2d /Applications/microchip/xc8/v2.30/avr/bin/../lib/gcc/avr/5.4.0/../../../../avr/lib/avrxmega3/libc.a(difftime.o)
 .comment       0x000000000000005b       0x2d /Applications/microchip/xc8/v2.30/avr/bin/../lib/gcc/avr/5.4.0/../../../../avr/lib/avrxmega3/libc.a(localtime_r.o)
 .comment       0x000000000000005b       0x2d /Applications/microchip/xc8/v2.30/avr/bin/../lib/gcc/avr/5.4.0/../../../../avr/lib/avrxmega3/libc.a(mktime.o)
 .comment       0x000000000000005b       0x2d /Applications/microchip/xc8/v2.30/avr/bin/../lib/gcc/avr/5.4.0/../../../../avr/lib/avrxmega3/libc.a(set_system_time.o)
 .comment       0x000000000000005b       0x2d /Applications/microchip/xc8/v2.30/avr/bin/../lib/gcc/avr/5.4.0/../../../../avr/lib/avrxmega3/libc.a(system_time.o)
 .comment       0x000000000000005b       0x2d /Applications/microchip/xc8/v2.30/avr/bin/../lib/gcc/avr/5.4.0/../../../../avr/lib/avrxmega3/libc.a(utc_offset.o)
 .comment       0x000000000000005b       0x2d /Applications/microchip/xc8/v2.30/avr/bin/../lib/gcc/avr/5.4.0/../../../../avr/lib/avrxmega3/libc.a(vfprintf_std.o)
 .comment       0x000000000000005b       0x2d /Applications/microchip/xc8/v2.30/avr/bin/../lib/gcc/avr/5.4.0/../../../../avr/lib/avrxmega3/libc.a(fputc.o)
 .comment       0x000000000000005b       0x2d /Applications/microchip/xc8/v2.30/avr/bin/../lib/gcc/avr/5.4.0/../../../../avr/lib/avrxmega3/libc.a(dst_pointer.o)
 .comment       0x000000000000005b       0x2d /Applications/microchip/xc8/v2.30/avr/bin/../lib/gcc/avr/5.4.0/../../../../avr/lib/avrxmega3/libc.a(gmtime_r.o)
 .comment       0x000000000000005b       0x2d /Applications/microchip/xc8/v2.30/avr/bin/../lib/gcc/avr/5.4.0/../../../../avr/lib/avrxmega3/libc.a(mk_gmtime.o)
 .comment       0x000000000000005b       0x2d /Applications/microchip/xc8/v2.30/avr/bin/../lib/gcc/avr/5.4.0/../../../../avr/lib/avrxmega3/libc.a(isLeap.o)

.note.gnu.build-id
 *(.note.gnu.build-id)

.debug
 *(.debug)

.line
 *(.line)

.debug_srcinfo
 *(.debug_srcinfo)

.debug_sfnames
 *(.debug_sfnames)

.debug_aranges  0x0000000000000000     0x1a28
 *(.debug_aranges)
 .debug_aranges
                0x0000000000000000       0x70 build/AWS_IOT/production/mcc_generated_files/cli/cli.o
 .debug_aranges
                0x0000000000000070       0x58 build/AWS_IOT/production/mcc_generated_files/cloud/crypto_client/crypto_client.o
 .debug_aranges
                0x00000000000000c8       0x68 build/AWS_IOT/production/mcc_generated_files/cloud/cloud_service.o
 .debug_aranges
                0x0000000000000130       0x78 build/AWS_IOT/production/mcc_generated_files/cloud/wifi_service.o
 .debug_aranges
                0x00000000000001a8       0x50 build/AWS_IOT/production/mcc_generated_files/cloud/mqtt_service.o
 .debug_aranges
                0x00000000000001f8       0x60 build/AWS_IOT/production/mcc_generated_files/cloud/aws_cloud_service.o
 .debug_aranges
                0x0000000000000258       0x20 build/AWS_IOT/production/mcc_generated_files/credentials_storage/credentials_storage.o
 .debug_aranges
                0x0000000000000278       0x80 build/AWS_IOT/production/mcc_generated_files/CryptoAuthenticationLibrary/basic/atca_basic.o
 .debug_aranges
                0x00000000000002f8       0x48 build/AWS_IOT/production/mcc_generated_files/CryptoAuthenticationLibrary/basic/atca_basic_ecdh.o
 .debug_aranges
                0x0000000000000340       0x30 build/AWS_IOT/production/mcc_generated_files/CryptoAuthenticationLibrary/basic/atca_basic_genkey.o
 .debug_aranges
                0x0000000000000370       0x48 build/AWS_IOT/production/mcc_generated_files/CryptoAuthenticationLibrary/basic/atca_basic_lock.o
 .debug_aranges
                0x00000000000003b8       0x48 build/AWS_IOT/production/mcc_generated_files/CryptoAuthenticationLibrary/basic/atca_basic_nonce.o
 .debug_aranges
                0x0000000000000400       0x20 build/AWS_IOT/production/mcc_generated_files/CryptoAuthenticationLibrary/basic/atca_basic_random.o
 .debug_aranges
                0x0000000000000420       0x68 build/AWS_IOT/production/mcc_generated_files/CryptoAuthenticationLibrary/basic/atca_basic_read.o
 .debug_aranges
                0x0000000000000488       0x30 build/AWS_IOT/production/mcc_generated_files/CryptoAuthenticationLibrary/basic/atca_basic_sign.o
 .debug_aranges
                0x00000000000004b8       0x58 build/AWS_IOT/production/mcc_generated_files/CryptoAuthenticationLibrary/basic/atca_basic_verify.o
 .debug_aranges
                0x0000000000000510       0x30 build/AWS_IOT/production/mcc_generated_files/CryptoAuthenticationLibrary/hal/atca_hal.o
 .debug_aranges
                0x0000000000000540       0x68 build/AWS_IOT/production/mcc_generated_files/CryptoAuthenticationLibrary/hal/atca_i2c_hal.o
 .debug_aranges
                0x00000000000005a8       0x28 build/AWS_IOT/production/mcc_generated_files/CryptoAuthenticationLibrary/hal/hal_i2c_timer.o
 .debug_aranges
                0x00000000000005d0      0x110 build/AWS_IOT/production/mcc_generated_files/CryptoAuthenticationLibrary/atca_command.o
 .debug_aranges
                0x00000000000006e0       0x38 build/AWS_IOT/production/mcc_generated_files/CryptoAuthenticationLibrary/atca_device.o
 .debug_aranges
                0x0000000000000718       0x28 build/AWS_IOT/production/mcc_generated_files/CryptoAuthenticationLibrary/atca_execution.o
 .debug_aranges
                0x0000000000000740       0x70 build/AWS_IOT/production/mcc_generated_files/CryptoAuthenticationLibrary/atca_iface.o
 .debug_aranges
                0x00000000000007b0       0x28 build/AWS_IOT/production/mcc_generated_files/drivers/spi_master.o
 .debug_aranges
                0x00000000000007d8       0xc0 build/AWS_IOT/production/mcc_generated_files/drivers/timeout.o
 .debug_aranges
                0x0000000000000898       0x78 build/AWS_IOT/production/mcc_generated_files/drivers/i2c_simple_master.o
 .debug_aranges
                0x0000000000000910       0x18 build/AWS_IOT/production/mcc_generated_files/drivers/uart.o
 .debug_aranges
                0x0000000000000928       0x48 build/AWS_IOT/production/mcc_generated_files/mqtt/mqtt_comm_bsd/mqtt_comm_layer.o
 .debug_aranges
                0x0000000000000970       0xb0 build/AWS_IOT/production/mcc_generated_files/mqtt/mqtt_core/mqtt_core.o
 .debug_aranges
                0x0000000000000a20       0x38 build/AWS_IOT/production/mcc_generated_files/mqtt/mqtt_exchange_buffer/mqtt_exchange_buffer.o
 .debug_aranges
                0x0000000000000a58       0x28 build/AWS_IOT/production/mcc_generated_files/mqtt/mqtt_packetTransfer_interface.o
 .debug_aranges
                0x0000000000000a80       0xe0 build/AWS_IOT/production/mcc_generated_files/mqtt/mqtt_winc_adapter.o
 .debug_aranges
                0x0000000000000b60      0x160 build/AWS_IOT/production/mcc_generated_files/src/pin_manager.o
 .debug_aranges
                0x0000000000000cc0       0x20 build/AWS_IOT/production/mcc_generated_files/src/cpuint.o
 .debug_aranges
                0x0000000000000ce0       0x98 build/AWS_IOT/production/mcc_generated_files/src/spi0.o
 .debug_aranges
                0x0000000000000d78       0x20 build/AWS_IOT/production/mcc_generated_files/src/protected_io.o
 .debug_aranges
                0x0000000000000d98       0xa0 build/AWS_IOT/production/mcc_generated_files/src/rtc.o
 .debug_aranges
                0x0000000000000e38      0x1f8 build/AWS_IOT/production/mcc_generated_files/src/twi0_master.o
 .debug_aranges
                0x0000000000001030       0xa8 build/AWS_IOT/production/mcc_generated_files/src/adc0.o
 .debug_aranges
                0x00000000000010d8       0xc0 build/AWS_IOT/production/mcc_generated_files/src/usart2.o
 .debug_aranges
                0x0000000000001198       0x98 build/AWS_IOT/production/mcc_generated_files/winc/driver/winc_spi.o
 .debug_aranges
                0x0000000000001230       0x88 build/AWS_IOT/production/mcc_generated_files/winc/driver/winc_adapter.o
 .debug_aranges
                0x00000000000012b8       0x68 build/AWS_IOT/production/mcc_generated_files/winc/driver/winc_hif.o
 .debug_aranges
                0x0000000000001320       0x68 build/AWS_IOT/production/mcc_generated_files/winc/driver/winc_asic.o
 .debug_aranges
                0x0000000000001388       0x30 build/AWS_IOT/production/mcc_generated_files/winc/driver/winc_drv.o
 .debug_aranges
                0x00000000000013b8       0x60 build/AWS_IOT/production/mcc_generated_files/winc/m2m/m2m_ssl.o
 .debug_aranges
                0x0000000000001418      0x248 build/AWS_IOT/production/mcc_generated_files/winc/m2m/m2m_wifi.o
 .debug_aranges
                0x0000000000001660       0x28 build/AWS_IOT/production/mcc_generated_files/winc/m2m/m2m_fwinfo.o
 .debug_aranges
                0x0000000000001688       0xd8 build/AWS_IOT/production/mcc_generated_files/winc/socket/socket.o
 .debug_aranges
                0x0000000000001760       0x60 build/AWS_IOT/production/mcc_generated_files/winc/spi_flash/spi_flash.o
 .debug_aranges
                0x00000000000017c0       0x48 build/AWS_IOT/production/mcc_generated_files/mcc.o
 .debug_aranges
                0x0000000000001808       0x28 build/AWS_IOT/production/mcc_generated_files/delay.o
 .debug_aranges
                0x0000000000001830       0x18 build/AWS_IOT/production/mcc_generated_files/device_config.o
 .debug_aranges
                0x0000000000001848       0x68 build/AWS_IOT/production/mcc_generated_files/application_manager.o
 .debug_aranges
                0x00000000000018b0       0x38 build/AWS_IOT/production/mcc_generated_files/debug_print.o
 .debug_aranges
                0x00000000000018e8       0x68 build/AWS_IOT/production/mcc_generated_files/led.o
 .debug_aranges
                0x0000000000001950       0x28 build/AWS_IOT/production/mcc_generated_files/sensors_handling.o
 .debug_aranges
                0x0000000000001978       0x70 build/AWS_IOT/production/mcc_generated_files/time_service.o
 .debug_aranges
                0x00000000000019e8       0x20 build/AWS_IOT/production/mcc_generated_files/CryptoAuth_init.o
 .debug_aranges
                0x0000000000001a08       0x20 build/AWS_IOT/production/main.o

.debug_pubnames
 *(.debug_pubnames)

.debug_info     0x0000000000000000    0x3c727
 *(.debug_info .gnu.linkonce.wi.*)
 .debug_info    0x0000000000000000     0x229c /Applications/microchip/xc8/v2.30/dfp/xc8/avr/lib/avrxmega3/crtatmega4808.o
 .debug_info    0x000000000000229c     0x12e0 build/AWS_IOT/production/mcc_generated_files/cli/cli.o
 .debug_info    0x000000000000357c     0x1972 build/AWS_IOT/production/mcc_generated_files/cloud/crypto_client/crypto_client.o
 .debug_info    0x0000000000004eee     0x1869 build/AWS_IOT/production/mcc_generated_files/cloud/cloud_service.o
 .debug_info    0x0000000000006757     0x1dda build/AWS_IOT/production/mcc_generated_files/cloud/wifi_service.o
 .debug_info    0x0000000000008531      0xd11 build/AWS_IOT/production/mcc_generated_files/cloud/mqtt_service.o
 .debug_info    0x0000000000009242     0x14f1 build/AWS_IOT/production/mcc_generated_files/cloud/aws_cloud_service.o
 .debug_info    0x000000000000a733      0x335 build/AWS_IOT/production/mcc_generated_files/credentials_storage/credentials_storage.o
 .debug_info    0x000000000000aa68     0x1248 build/AWS_IOT/production/mcc_generated_files/CryptoAuthenticationLibrary/basic/atca_basic.o
 .debug_info    0x000000000000bcb0     0x1290 build/AWS_IOT/production/mcc_generated_files/CryptoAuthenticationLibrary/basic/atca_basic_ecdh.o
 .debug_info    0x000000000000cf40      0xeb5 build/AWS_IOT/production/mcc_generated_files/CryptoAuthenticationLibrary/basic/atca_basic_genkey.o
 .debug_info    0x000000000000ddf5      0xf32 build/AWS_IOT/production/mcc_generated_files/CryptoAuthenticationLibrary/basic/atca_basic_lock.o
 .debug_info    0x000000000000ed27     0x104b build/AWS_IOT/production/mcc_generated_files/CryptoAuthenticationLibrary/basic/atca_basic_nonce.o
 .debug_info    0x000000000000fd72      0xd87 build/AWS_IOT/production/mcc_generated_files/CryptoAuthenticationLibrary/basic/atca_basic_random.o
 .debug_info    0x0000000000010af9     0x1c5a build/AWS_IOT/production/mcc_generated_files/CryptoAuthenticationLibrary/basic/atca_basic_read.o
 .debug_info    0x0000000000012753      0xf7e build/AWS_IOT/production/mcc_generated_files/CryptoAuthenticationLibrary/basic/atca_basic_sign.o
 .debug_info    0x00000000000136d1     0x1708 build/AWS_IOT/production/mcc_generated_files/CryptoAuthenticationLibrary/basic/atca_basic_verify.o
 .debug_info    0x0000000000014dd9      0xdd7 build/AWS_IOT/production/mcc_generated_files/CryptoAuthenticationLibrary/hal/atca_hal.o
 .debug_info    0x0000000000015bb0     0x104f build/AWS_IOT/production/mcc_generated_files/CryptoAuthenticationLibrary/hal/atca_i2c_hal.o
 .debug_info    0x0000000000016bff      0x3a5 build/AWS_IOT/production/mcc_generated_files/CryptoAuthenticationLibrary/hal/hal_i2c_timer.o
 .debug_info    0x0000000000016fa4     0x1260 build/AWS_IOT/production/mcc_generated_files/CryptoAuthenticationLibrary/atca_command.o
 .debug_info    0x0000000000018204      0xd60 build/AWS_IOT/production/mcc_generated_files/CryptoAuthenticationLibrary/atca_device.o
 .debug_info    0x0000000000018f64     0x1071 build/AWS_IOT/production/mcc_generated_files/CryptoAuthenticationLibrary/atca_execution.o
 .debug_info    0x0000000000019fd5     0x1060 build/AWS_IOT/production/mcc_generated_files/CryptoAuthenticationLibrary/atca_iface.o
 .debug_info    0x000000000001b035      0x4c1 build/AWS_IOT/production/mcc_generated_files/drivers/spi_master.o
 .debug_info    0x000000000001b4f6      0xe6f build/AWS_IOT/production/mcc_generated_files/drivers/timeout.o
 .debug_info    0x000000000001c365      0xc1e build/AWS_IOT/production/mcc_generated_files/drivers/i2c_simple_master.o
 .debug_info    0x000000000001cf83      0x38d build/AWS_IOT/production/mcc_generated_files/drivers/uart.o
 .debug_info    0x000000000001d310      0x61e build/AWS_IOT/production/mcc_generated_files/mqtt/mqtt_comm_bsd/mqtt_comm_layer.o
 .debug_info    0x000000000001d92e     0x3185 build/AWS_IOT/production/mcc_generated_files/mqtt/mqtt_core/mqtt_core.o
 .debug_info    0x0000000000020ab3      0x4a1 build/AWS_IOT/production/mcc_generated_files/mqtt/mqtt_exchange_buffer/mqtt_exchange_buffer.o
 .debug_info    0x0000000000020f54      0x333 build/AWS_IOT/production/mcc_generated_files/mqtt/mqtt_packetTransfer_interface.o
 .debug_info    0x0000000000021287     0x2626 build/AWS_IOT/production/mcc_generated_files/mqtt/mqtt_winc_adapter.o
 .debug_info    0x00000000000238ad     0x140c build/AWS_IOT/production/mcc_generated_files/src/pin_manager.o
 .debug_info    0x0000000000024cb9      0x3ac build/AWS_IOT/production/mcc_generated_files/src/cpuint.o
 .debug_info    0x0000000000025065      0x778 build/AWS_IOT/production/mcc_generated_files/src/spi0.o
 .debug_info    0x00000000000257dd       0x7e build/AWS_IOT/production/mcc_generated_files/src/protected_io.o
 .debug_info    0x000000000002585b      0x821 build/AWS_IOT/production/mcc_generated_files/src/rtc.o
 .debug_info    0x000000000002607c     0x19d7 build/AWS_IOT/production/mcc_generated_files/src/twi0_master.o
 .debug_info    0x0000000000027a53      0xb06 build/AWS_IOT/production/mcc_generated_files/src/adc0.o
 .debug_info    0x0000000000028559      0xae2 build/AWS_IOT/production/mcc_generated_files/src/usart2.o
 .debug_info    0x000000000002903b      0xd6a build/AWS_IOT/production/mcc_generated_files/winc/driver/winc_spi.o
 .debug_info    0x0000000000029da5      0xa4e build/AWS_IOT/production/mcc_generated_files/winc/driver/winc_adapter.o
 .debug_info    0x000000000002a7f3      0xb2c build/AWS_IOT/production/mcc_generated_files/winc/driver/winc_hif.o
 .debug_info    0x000000000002b31f      0xdad build/AWS_IOT/production/mcc_generated_files/winc/driver/winc_asic.o
 .debug_info    0x000000000002c0cc      0x536 build/AWS_IOT/production/mcc_generated_files/winc/driver/winc_drv.o
 .debug_info    0x000000000002c602     0x102f build/AWS_IOT/production/mcc_generated_files/winc/m2m/m2m_ssl.o
 .debug_info    0x000000000002d631     0x54f6 build/AWS_IOT/production/mcc_generated_files/winc/m2m/m2m_wifi.o
 .debug_info    0x0000000000032b27      0x63f build/AWS_IOT/production/mcc_generated_files/winc/m2m/m2m_fwinfo.o
 .debug_info    0x0000000000033166     0x26b6 build/AWS_IOT/production/mcc_generated_files/winc/socket/socket.o
 .debug_info    0x000000000003581c     0x1547 build/AWS_IOT/production/mcc_generated_files/winc/spi_flash/spi_flash.o
 .debug_info    0x0000000000036d63      0x9e8 build/AWS_IOT/production/mcc_generated_files/mcc.o
 .debug_info    0x000000000003774b      0x3de build/AWS_IOT/production/mcc_generated_files/delay.o
 .debug_info    0x0000000000037b29      0x7bb build/AWS_IOT/production/mcc_generated_files/device_config.o
 .debug_info    0x00000000000382e4     0x17ab build/AWS_IOT/production/mcc_generated_files/application_manager.o
 .debug_info    0x0000000000039a8f      0x63e build/AWS_IOT/production/mcc_generated_files/debug_print.o
 .debug_info    0x000000000003a0cd      0xc3d build/AWS_IOT/production/mcc_generated_files/led.o
 .debug_info    0x000000000003ad0a      0x31b build/AWS_IOT/production/mcc_generated_files/sensors_handling.o
 .debug_info    0x000000000003b025      0x84e build/AWS_IOT/production/mcc_generated_files/time_service.o
 .debug_info    0x000000000003b873      0xcec build/AWS_IOT/production/mcc_generated_files/CryptoAuth_init.o
 .debug_info    0x000000000003c55f      0x1c8 build/AWS_IOT/production/main.o

.debug_abbrev   0x0000000000000000     0x8fca
 *(.debug_abbrev)
 .debug_abbrev  0x0000000000000000     0x20c2 /Applications/microchip/xc8/v2.30/dfp/xc8/avr/lib/avrxmega3/crtatmega4808.o
 .debug_abbrev  0x00000000000020c2      0x3f9 build/AWS_IOT/production/mcc_generated_files/cli/cli.o
 .debug_abbrev  0x00000000000024bb      0x285 build/AWS_IOT/production/mcc_generated_files/cloud/crypto_client/crypto_client.o
 .debug_abbrev  0x0000000000002740      0x3bd build/AWS_IOT/production/mcc_generated_files/cloud/cloud_service.o
 .debug_abbrev  0x0000000000002afd      0x2f1 build/AWS_IOT/production/mcc_generated_files/cloud/wifi_service.o
 .debug_abbrev  0x0000000000002dee      0x27a build/AWS_IOT/production/mcc_generated_files/cloud/mqtt_service.o
 .debug_abbrev  0x0000000000003068      0x24a build/AWS_IOT/production/mcc_generated_files/cloud/aws_cloud_service.o
 .debug_abbrev  0x00000000000032b2       0x69 build/AWS_IOT/production/mcc_generated_files/credentials_storage/credentials_storage.o
 .debug_abbrev  0x000000000000331b      0x21b build/AWS_IOT/production/mcc_generated_files/CryptoAuthenticationLibrary/basic/atca_basic.o
 .debug_abbrev  0x0000000000003536      0x1dc build/AWS_IOT/production/mcc_generated_files/CryptoAuthenticationLibrary/basic/atca_basic_ecdh.o
 .debug_abbrev  0x0000000000003712      0x16e build/AWS_IOT/production/mcc_generated_files/CryptoAuthenticationLibrary/basic/atca_basic_genkey.o
 .debug_abbrev  0x0000000000003880      0x179 build/AWS_IOT/production/mcc_generated_files/CryptoAuthenticationLibrary/basic/atca_basic_lock.o
 .debug_abbrev  0x00000000000039f9      0x180 build/AWS_IOT/production/mcc_generated_files/CryptoAuthenticationLibrary/basic/atca_basic_nonce.o
 .debug_abbrev  0x0000000000003b79      0x158 build/AWS_IOT/production/mcc_generated_files/CryptoAuthenticationLibrary/basic/atca_basic_random.o
 .debug_abbrev  0x0000000000003cd1      0x2e2 build/AWS_IOT/production/mcc_generated_files/CryptoAuthenticationLibrary/basic/atca_basic_read.o
 .debug_abbrev  0x0000000000003fb3      0x19c build/AWS_IOT/production/mcc_generated_files/CryptoAuthenticationLibrary/basic/atca_basic_sign.o
 .debug_abbrev  0x000000000000414f      0x23d build/AWS_IOT/production/mcc_generated_files/CryptoAuthenticationLibrary/basic/atca_basic_verify.o
 .debug_abbrev  0x000000000000438c      0x18d build/AWS_IOT/production/mcc_generated_files/CryptoAuthenticationLibrary/hal/atca_hal.o
 .debug_abbrev  0x0000000000004519      0x190 build/AWS_IOT/production/mcc_generated_files/CryptoAuthenticationLibrary/hal/atca_i2c_hal.o
 .debug_abbrev  0x00000000000046a9      0x10d build/AWS_IOT/production/mcc_generated_files/CryptoAuthenticationLibrary/hal/hal_i2c_timer.o
 .debug_abbrev  0x00000000000047b6      0x1b7 build/AWS_IOT/production/mcc_generated_files/CryptoAuthenticationLibrary/atca_command.o
 .debug_abbrev  0x000000000000496d      0x124 build/AWS_IOT/production/mcc_generated_files/CryptoAuthenticationLibrary/atca_device.o
 .debug_abbrev  0x0000000000004a91      0x1b5 build/AWS_IOT/production/mcc_generated_files/CryptoAuthenticationLibrary/atca_execution.o
 .debug_abbrev  0x0000000000004c46      0x1e4 build/AWS_IOT/production/mcc_generated_files/CryptoAuthenticationLibrary/atca_iface.o
 .debug_abbrev  0x0000000000004e2a      0x126 build/AWS_IOT/production/mcc_generated_files/drivers/spi_master.o
 .debug_abbrev  0x0000000000004f50      0x32d build/AWS_IOT/production/mcc_generated_files/drivers/timeout.o
 .debug_abbrev  0x000000000000527d      0x14e build/AWS_IOT/production/mcc_generated_files/drivers/i2c_simple_master.o
 .debug_abbrev  0x00000000000053cb       0x97 build/AWS_IOT/production/mcc_generated_files/drivers/uart.o
 .debug_abbrev  0x0000000000005462      0x15c build/AWS_IOT/production/mcc_generated_files/mqtt/mqtt_comm_bsd/mqtt_comm_layer.o
 .debug_abbrev  0x00000000000055be      0x363 build/AWS_IOT/production/mcc_generated_files/mqtt/mqtt_core/mqtt_core.o
 .debug_abbrev  0x0000000000005921       0xdf build/AWS_IOT/production/mcc_generated_files/mqtt/mqtt_exchange_buffer/mqtt_exchange_buffer.o
 .debug_abbrev  0x0000000000005a00       0x9b build/AWS_IOT/production/mcc_generated_files/mqtt/mqtt_packetTransfer_interface.o
 .debug_abbrev  0x0000000000005a9b      0x344 build/AWS_IOT/production/mcc_generated_files/mqtt/mqtt_winc_adapter.o
 .debug_abbrev  0x0000000000005ddf      0x1c8 build/AWS_IOT/production/mcc_generated_files/src/pin_manager.o
 .debug_abbrev  0x0000000000005fa7       0xfa build/AWS_IOT/production/mcc_generated_files/src/cpuint.o
 .debug_abbrev  0x00000000000060a1      0x1c4 build/AWS_IOT/production/mcc_generated_files/src/spi0.o
 .debug_abbrev  0x0000000000006265       0x14 build/AWS_IOT/production/mcc_generated_files/src/protected_io.o
 .debug_abbrev  0x0000000000006279      0x164 build/AWS_IOT/production/mcc_generated_files/src/rtc.o
 .debug_abbrev  0x00000000000063dd      0x383 build/AWS_IOT/production/mcc_generated_files/src/twi0_master.o
 .debug_abbrev  0x0000000000006760      0x24c build/AWS_IOT/production/mcc_generated_files/src/adc0.o
 .debug_abbrev  0x00000000000069ac      0x2c9 build/AWS_IOT/production/mcc_generated_files/src/usart2.o
 .debug_abbrev  0x0000000000006c75      0x272 build/AWS_IOT/production/mcc_generated_files/winc/driver/winc_spi.o
 .debug_abbrev  0x0000000000006ee7      0x207 build/AWS_IOT/production/mcc_generated_files/winc/driver/winc_adapter.o
 .debug_abbrev  0x00000000000070ee      0x1da build/AWS_IOT/production/mcc_generated_files/winc/driver/winc_hif.o
 .debug_abbrev  0x00000000000072c8      0x18f build/AWS_IOT/production/mcc_generated_files/winc/driver/winc_asic.o
 .debug_abbrev  0x0000000000007457       0xac build/AWS_IOT/production/mcc_generated_files/winc/driver/winc_drv.o
 .debug_abbrev  0x0000000000007503      0x24b build/AWS_IOT/production/mcc_generated_files/winc/m2m/m2m_ssl.o
 .debug_abbrev  0x000000000000774e      0x389 build/AWS_IOT/production/mcc_generated_files/winc/m2m/m2m_wifi.o
 .debug_abbrev  0x0000000000007ad7      0x141 build/AWS_IOT/production/mcc_generated_files/winc/m2m/m2m_fwinfo.o
 .debug_abbrev  0x0000000000007c18      0x35e build/AWS_IOT/production/mcc_generated_files/winc/socket/socket.o
 .debug_abbrev  0x0000000000007f76      0x1d1 build/AWS_IOT/production/mcc_generated_files/winc/spi_flash/spi_flash.o
 .debug_abbrev  0x0000000000008147      0x17b build/AWS_IOT/production/mcc_generated_files/mcc.o
 .debug_abbrev  0x00000000000082c2      0x11e build/AWS_IOT/production/mcc_generated_files/delay.o
 .debug_abbrev  0x00000000000083e0       0x97 build/AWS_IOT/production/mcc_generated_files/device_config.o
 .debug_abbrev  0x0000000000008477      0x3b0 build/AWS_IOT/production/mcc_generated_files/application_manager.o
 .debug_abbrev  0x0000000000008827      0x180 build/AWS_IOT/production/mcc_generated_files/debug_print.o
 .debug_abbrev  0x00000000000089a7      0x225 build/AWS_IOT/production/mcc_generated_files/led.o
 .debug_abbrev  0x0000000000008bcc       0x82 build/AWS_IOT/production/mcc_generated_files/sensors_handling.o
 .debug_abbrev  0x0000000000008c4e      0x1f7 build/AWS_IOT/production/mcc_generated_files/time_service.o
 .debug_abbrev  0x0000000000008e45      0x128 build/AWS_IOT/production/mcc_generated_files/CryptoAuth_init.o
 .debug_abbrev  0x0000000000008f6d       0x5d build/AWS_IOT/production/main.o

.debug_line     0x0000000000000000     0xf272
 *(.debug_line .debug_line.* .debug_line_end)
 .debug_line    0x0000000000000000      0x16f /Applications/microchip/xc8/v2.30/dfp/xc8/avr/lib/avrxmega3/crtatmega4808.o
 .debug_line    0x000000000000016f      0x638 build/AWS_IOT/production/mcc_generated_files/cli/cli.o
 .debug_line    0x00000000000007a7      0x51d build/AWS_IOT/production/mcc_generated_files/cloud/crypto_client/crypto_client.o
 .debug_line    0x0000000000000cc4      0x614 build/AWS_IOT/production/mcc_generated_files/cloud/cloud_service.o
 .debug_line    0x00000000000012d8      0x68c build/AWS_IOT/production/mcc_generated_files/cloud/wifi_service.o
 .debug_line    0x0000000000001964      0x2d2 build/AWS_IOT/production/mcc_generated_files/cloud/mqtt_service.o
 .debug_line    0x0000000000001c36      0x5ac build/AWS_IOT/production/mcc_generated_files/cloud/aws_cloud_service.o
 .debug_line    0x00000000000021e2       0xbb build/AWS_IOT/production/mcc_generated_files/credentials_storage/credentials_storage.o
 .debug_line    0x000000000000229d      0x52a build/AWS_IOT/production/mcc_generated_files/CryptoAuthenticationLibrary/basic/atca_basic.o
 .debug_line    0x00000000000027c7      0x372 build/AWS_IOT/production/mcc_generated_files/CryptoAuthenticationLibrary/basic/atca_basic_ecdh.o
 .debug_line    0x0000000000002b39      0x1e2 build/AWS_IOT/production/mcc_generated_files/CryptoAuthenticationLibrary/basic/atca_basic_genkey.o
 .debug_line    0x0000000000002d1b      0x219 build/AWS_IOT/production/mcc_generated_files/CryptoAuthenticationLibrary/basic/atca_basic_lock.o
 .debug_line    0x0000000000002f34      0x28c build/AWS_IOT/production/mcc_generated_files/CryptoAuthenticationLibrary/basic/atca_basic_nonce.o
 .debug_line    0x00000000000031c0      0x19c build/AWS_IOT/production/mcc_generated_files/CryptoAuthenticationLibrary/basic/atca_basic_random.o
 .debug_line    0x000000000000335c      0x65d build/AWS_IOT/production/mcc_generated_files/CryptoAuthenticationLibrary/basic/atca_basic_read.o
 .debug_line    0x00000000000039b9      0x21c build/AWS_IOT/production/mcc_generated_files/CryptoAuthenticationLibrary/basic/atca_basic_sign.o
 .debug_line    0x0000000000003bd5      0x52e build/AWS_IOT/production/mcc_generated_files/CryptoAuthenticationLibrary/basic/atca_basic_verify.o
 .debug_line    0x0000000000004103      0x1f9 build/AWS_IOT/production/mcc_generated_files/CryptoAuthenticationLibrary/hal/atca_hal.o
 .debug_line    0x00000000000042fc      0x2e9 build/AWS_IOT/production/mcc_generated_files/CryptoAuthenticationLibrary/hal/atca_i2c_hal.o
 .debug_line    0x00000000000045e5      0x13d build/AWS_IOT/production/mcc_generated_files/CryptoAuthenticationLibrary/hal/hal_i2c_timer.o
 .debug_line    0x0000000000004722      0x7d7 build/AWS_IOT/production/mcc_generated_files/CryptoAuthenticationLibrary/atca_command.o
 .debug_line    0x0000000000004ef9      0x19c build/AWS_IOT/production/mcc_generated_files/CryptoAuthenticationLibrary/atca_device.o
 .debug_line    0x0000000000005095      0x289 build/AWS_IOT/production/mcc_generated_files/CryptoAuthenticationLibrary/atca_execution.o
 .debug_line    0x000000000000531e      0x2dc build/AWS_IOT/production/mcc_generated_files/CryptoAuthenticationLibrary/atca_iface.o
 .debug_line    0x00000000000055fa      0x155 build/AWS_IOT/production/mcc_generated_files/drivers/spi_master.o
 .debug_line    0x000000000000574f      0x6d4 build/AWS_IOT/production/mcc_generated_files/drivers/timeout.o
 .debug_line    0x0000000000005e23      0x3a5 build/AWS_IOT/production/mcc_generated_files/drivers/i2c_simple_master.o
 .debug_line    0x00000000000061c8       0x88 build/AWS_IOT/production/mcc_generated_files/drivers/uart.o
 .debug_line    0x0000000000006250      0x279 build/AWS_IOT/production/mcc_generated_files/mqtt/mqtt_comm_bsd/mqtt_comm_layer.o
 .debug_line    0x00000000000064c9      0xb89 build/AWS_IOT/production/mcc_generated_files/mqtt/mqtt_core/mqtt_core.o
 .debug_line    0x0000000000007052      0x1ed build/AWS_IOT/production/mcc_generated_files/mqtt/mqtt_exchange_buffer/mqtt_exchange_buffer.o
 .debug_line    0x000000000000723f       0xe3 build/AWS_IOT/production/mcc_generated_files/mqtt/mqtt_packetTransfer_interface.o
 .debug_line    0x0000000000007322      0x9ba build/AWS_IOT/production/mcc_generated_files/mqtt/mqtt_winc_adapter.o
 .debug_line    0x0000000000007cdc      0x653 build/AWS_IOT/production/mcc_generated_files/src/pin_manager.o
 .debug_line    0x000000000000832f      0x161 build/AWS_IOT/production/mcc_generated_files/src/cpuint.o
 .debug_line    0x0000000000008490      0x381 build/AWS_IOT/production/mcc_generated_files/src/spi0.o
 .debug_line    0x0000000000008811       0x66 build/AWS_IOT/production/mcc_generated_files/src/protected_io.o
 .debug_line    0x0000000000008877      0x332 build/AWS_IOT/production/mcc_generated_files/src/rtc.o
 .debug_line    0x0000000000008ba9      0xad9 build/AWS_IOT/production/mcc_generated_files/src/twi0_master.o
 .debug_line    0x0000000000009682      0x337 build/AWS_IOT/production/mcc_generated_files/src/adc0.o
 .debug_line    0x00000000000099b9      0x425 build/AWS_IOT/production/mcc_generated_files/src/usart2.o
 .debug_line    0x0000000000009dde      0x5e9 build/AWS_IOT/production/mcc_generated_files/winc/driver/winc_spi.o
 .debug_line    0x000000000000a3c7      0x3f4 build/AWS_IOT/production/mcc_generated_files/winc/driver/winc_adapter.o
 .debug_line    0x000000000000a7bb      0x3b5 build/AWS_IOT/production/mcc_generated_files/winc/driver/winc_hif.o
 .debug_line    0x000000000000ab70      0x3bc build/AWS_IOT/production/mcc_generated_files/winc/driver/winc_asic.o
 .debug_line    0x000000000000af2c      0x1dd build/AWS_IOT/production/mcc_generated_files/winc/driver/winc_drv.o
 .debug_line    0x000000000000b109      0x468 build/AWS_IOT/production/mcc_generated_files/winc/m2m/m2m_ssl.o
 .debug_line    0x000000000000b571     0x105b build/AWS_IOT/production/mcc_generated_files/winc/m2m/m2m_wifi.o
 .debug_line    0x000000000000c5cc      0x1ee build/AWS_IOT/production/mcc_generated_files/winc/m2m/m2m_fwinfo.o
 .debug_line    0x000000000000c7ba      0xe91 build/AWS_IOT/production/mcc_generated_files/winc/socket/socket.o
 .debug_line    0x000000000000d64b      0x514 build/AWS_IOT/production/mcc_generated_files/winc/spi_flash/spi_flash.o
 .debug_line    0x000000000000db5f      0x2e2 build/AWS_IOT/production/mcc_generated_files/mcc.o
 .debug_line    0x000000000000de41      0x127 build/AWS_IOT/production/mcc_generated_files/delay.o
 .debug_line    0x000000000000df68       0xc6 build/AWS_IOT/production/mcc_generated_files/device_config.o
 .debug_line    0x000000000000e02e      0x7ce build/AWS_IOT/production/mcc_generated_files/application_manager.o
 .debug_line    0x000000000000e7fc      0x170 build/AWS_IOT/production/mcc_generated_files/debug_print.o
 .debug_line    0x000000000000e96c      0x3b8 build/AWS_IOT/production/mcc_generated_files/led.o
 .debug_line    0x000000000000ed24      0x12b build/AWS_IOT/production/mcc_generated_files/sensors_handling.o
 .debug_line    0x000000000000ee4f      0x230 build/AWS_IOT/production/mcc_generated_files/time_service.o
 .debug_line    0x000000000000f07f      0x182 build/AWS_IOT/production/mcc_generated_files/CryptoAuth_init.o
 .debug_line    0x000000000000f201       0x71 build/AWS_IOT/production/main.o

.debug_frame    0x0000000000000000     0x4e30
 *(.debug_frame)
 .debug_frame   0x0000000000000000      0x1b0 build/AWS_IOT/production/mcc_generated_files/cli/cli.o
 .debug_frame   0x00000000000001b0      0x1cc build/AWS_IOT/production/mcc_generated_files/cloud/crypto_client/crypto_client.o
 .debug_frame   0x000000000000037c       0xf4 build/AWS_IOT/production/mcc_generated_files/cloud/cloud_service.o
 .debug_frame   0x0000000000000470      0x1b4 build/AWS_IOT/production/mcc_generated_files/cloud/wifi_service.o
 .debug_frame   0x0000000000000624       0xe8 build/AWS_IOT/production/mcc_generated_files/cloud/mqtt_service.o
 .debug_frame   0x000000000000070c       0xe8 build/AWS_IOT/production/mcc_generated_files/cloud/aws_cloud_service.o
 .debug_frame   0x00000000000007f4       0x24 build/AWS_IOT/production/mcc_generated_files/credentials_storage/credentials_storage.o
 .debug_frame   0x0000000000000818      0x154 build/AWS_IOT/production/mcc_generated_files/CryptoAuthenticationLibrary/basic/atca_basic.o
 .debug_frame   0x000000000000096c      0x170 build/AWS_IOT/production/mcc_generated_files/CryptoAuthenticationLibrary/basic/atca_basic_ecdh.o
 .debug_frame   0x0000000000000adc       0x60 build/AWS_IOT/production/mcc_generated_files/CryptoAuthenticationLibrary/basic/atca_basic_genkey.o
 .debug_frame   0x0000000000000b3c       0x88 build/AWS_IOT/production/mcc_generated_files/CryptoAuthenticationLibrary/basic/atca_basic_lock.o
 .debug_frame   0x0000000000000bc4       0x9c build/AWS_IOT/production/mcc_generated_files/CryptoAuthenticationLibrary/basic/atca_basic_nonce.o
 .debug_frame   0x0000000000000c60       0x40 build/AWS_IOT/production/mcc_generated_files/CryptoAuthenticationLibrary/basic/atca_basic_random.o
 .debug_frame   0x0000000000000ca0      0x2c0 build/AWS_IOT/production/mcc_generated_files/CryptoAuthenticationLibrary/basic/atca_basic_read.o
 .debug_frame   0x0000000000000f60       0x84 build/AWS_IOT/production/mcc_generated_files/CryptoAuthenticationLibrary/basic/atca_basic_sign.o
 .debug_frame   0x0000000000000fe4      0x218 build/AWS_IOT/production/mcc_generated_files/CryptoAuthenticationLibrary/basic/atca_basic_verify.o
 .debug_frame   0x00000000000011fc       0x60 build/AWS_IOT/production/mcc_generated_files/CryptoAuthenticationLibrary/hal/atca_hal.o
 .debug_frame   0x000000000000125c      0x110 build/AWS_IOT/production/mcc_generated_files/CryptoAuthenticationLibrary/hal/atca_i2c_hal.o
 .debug_frame   0x000000000000136c       0x34 build/AWS_IOT/production/mcc_generated_files/CryptoAuthenticationLibrary/hal/hal_i2c_timer.o
 .debug_frame   0x00000000000013a0      0x254 build/AWS_IOT/production/mcc_generated_files/CryptoAuthenticationLibrary/atca_command.o
 .debug_frame   0x00000000000015f4       0x68 build/AWS_IOT/production/mcc_generated_files/CryptoAuthenticationLibrary/atca_device.o
 .debug_frame   0x000000000000165c       0x74 build/AWS_IOT/production/mcc_generated_files/CryptoAuthenticationLibrary/atca_execution.o
 .debug_frame   0x00000000000016d0      0x11c build/AWS_IOT/production/mcc_generated_files/CryptoAuthenticationLibrary/atca_iface.o
 .debug_frame   0x00000000000017ec       0x34 build/AWS_IOT/production/mcc_generated_files/drivers/spi_master.o
 .debug_frame   0x0000000000001820      0x2c4 build/AWS_IOT/production/mcc_generated_files/drivers/timeout.o
 .debug_frame   0x0000000000001ae4      0x18c build/AWS_IOT/production/mcc_generated_files/drivers/i2c_simple_master.o
 .debug_frame   0x0000000000001c70       0x90 build/AWS_IOT/production/mcc_generated_files/mqtt/mqtt_comm_bsd/mqtt_comm_layer.o
 .debug_frame   0x0000000000001d00      0x230 build/AWS_IOT/production/mcc_generated_files/mqtt/mqtt_core/mqtt_core.o
 .debug_frame   0x0000000000001f30       0xb4 build/AWS_IOT/production/mcc_generated_files/mqtt/mqtt_exchange_buffer/mqtt_exchange_buffer.o
 .debug_frame   0x0000000000001fe4       0x34 build/AWS_IOT/production/mcc_generated_files/mqtt/mqtt_packetTransfer_interface.o
 .debug_frame   0x0000000000002018      0x35c build/AWS_IOT/production/mcc_generated_files/mqtt/mqtt_winc_adapter.o
 .debug_frame   0x0000000000002374      0x300 build/AWS_IOT/production/mcc_generated_files/src/pin_manager.o
 .debug_frame   0x0000000000002674       0x24 build/AWS_IOT/production/mcc_generated_files/src/cpuint.o
 .debug_frame   0x0000000000002698      0x114 build/AWS_IOT/production/mcc_generated_files/src/spi0.o
 .debug_frame   0x00000000000027ac      0x1b4 build/AWS_IOT/production/mcc_generated_files/src/rtc.o
 .debug_frame   0x0000000000002960      0x43c build/AWS_IOT/production/mcc_generated_files/src/twi0_master.o
 .debug_frame   0x0000000000002d9c      0x18c build/AWS_IOT/production/mcc_generated_files/src/adc0.o
 .debug_frame   0x0000000000002f28      0x210 build/AWS_IOT/production/mcc_generated_files/src/usart2.o
 .debug_frame   0x0000000000003138      0x2b4 build/AWS_IOT/production/mcc_generated_files/winc/driver/winc_spi.o
 .debug_frame   0x00000000000033ec      0x170 build/AWS_IOT/production/mcc_generated_files/winc/driver/winc_adapter.o
 .debug_frame   0x000000000000355c      0x174 build/AWS_IOT/production/mcc_generated_files/winc/driver/winc_hif.o
 .debug_frame   0x00000000000036d0      0x1a0 build/AWS_IOT/production/mcc_generated_files/winc/driver/winc_asic.o
 .debug_frame   0x0000000000003870       0x58 build/AWS_IOT/production/mcc_generated_files/winc/driver/winc_drv.o
 .debug_frame   0x00000000000038c8      0x190 build/AWS_IOT/production/mcc_generated_files/winc/m2m/m2m_ssl.o
 .debug_frame   0x0000000000003a58      0x82c build/AWS_IOT/production/mcc_generated_files/winc/m2m/m2m_wifi.o
 .debug_frame   0x0000000000004284       0x54 build/AWS_IOT/production/mcc_generated_files/winc/m2m/m2m_fwinfo.o
 .debug_frame   0x00000000000042d8      0x398 build/AWS_IOT/production/mcc_generated_files/winc/socket/socket.o
 .debug_frame   0x0000000000004670      0x26c build/AWS_IOT/production/mcc_generated_files/winc/spi_flash/spi_flash.o
 .debug_frame   0x00000000000048dc       0x84 build/AWS_IOT/production/mcc_generated_files/mcc.o
 .debug_frame   0x0000000000004960       0x34 build/AWS_IOT/production/mcc_generated_files/delay.o
 .debug_frame   0x0000000000004994      0x20c build/AWS_IOT/production/mcc_generated_files/application_manager.o
 .debug_frame   0x0000000000004ba0       0x64 build/AWS_IOT/production/mcc_generated_files/debug_print.o
 .debug_frame   0x0000000000004c04       0xc0 build/AWS_IOT/production/mcc_generated_files/led.o
 .debug_frame   0x0000000000004cc4       0x40 build/AWS_IOT/production/mcc_generated_files/sensors_handling.o
 .debug_frame   0x0000000000004d04       0xe4 build/AWS_IOT/production/mcc_generated_files/time_service.o
 .debug_frame   0x0000000000004de8       0x24 build/AWS_IOT/production/mcc_generated_files/CryptoAuth_init.o
 .debug_frame   0x0000000000004e0c       0x24 build/AWS_IOT/production/main.o

.debug_str      0x0000000000000000     0x2e0f
 *(.debug_str)
 .debug_str     0x0000000000000000      0xecd /Applications/microchip/xc8/v2.30/dfp/xc8/avr/lib/avrxmega3/crtatmega4808.o
 .debug_str     0x0000000000000ecd       0x97 build/AWS_IOT/production/mcc_generated_files/cli/cli.o
 .debug_str     0x0000000000000f64      0x150 build/AWS_IOT/production/mcc_generated_files/cloud/crypto_client/crypto_client.o
 .debug_str     0x00000000000010b4      0x1d3 build/AWS_IOT/production/mcc_generated_files/cloud/cloud_service.o
 .debug_str     0x0000000000001287      0x1eb build/AWS_IOT/production/mcc_generated_files/cloud/wifi_service.o
 .debug_str     0x0000000000001472       0xd9 build/AWS_IOT/production/mcc_generated_files/cloud/mqtt_service.o
 .debug_str     0x000000000000154b      0x191 build/AWS_IOT/production/mcc_generated_files/cloud/aws_cloud_service.o
 .debug_str     0x00000000000016dc        0x0 build/AWS_IOT/production/mcc_generated_files/credentials_storage/credentials_storage.o
 .debug_str     0x00000000000016dc       0x9d build/AWS_IOT/production/mcc_generated_files/CryptoAuthenticationLibrary/basic/atca_basic.o
 .debug_str     0x0000000000001779       0x6d build/AWS_IOT/production/mcc_generated_files/CryptoAuthenticationLibrary/basic/atca_basic_ecdh.o
 .debug_str     0x00000000000017e6       0x30 build/AWS_IOT/production/mcc_generated_files/CryptoAuthenticationLibrary/basic/atca_basic_genkey.o
 .debug_str     0x0000000000001816       0x21 build/AWS_IOT/production/mcc_generated_files/CryptoAuthenticationLibrary/basic/atca_basic_lock.o
 .debug_str     0x0000000000001837       0x25 build/AWS_IOT/production/mcc_generated_files/CryptoAuthenticationLibrary/basic/atca_basic_nonce.o
 .debug_str     0x000000000000185c       0x1e build/AWS_IOT/production/mcc_generated_files/CryptoAuthenticationLibrary/basic/atca_basic_random.o
 .debug_str     0x000000000000187a       0xd2 build/AWS_IOT/production/mcc_generated_files/CryptoAuthenticationLibrary/basic/atca_basic_read.o
 .debug_str     0x000000000000194c       0x4b build/AWS_IOT/production/mcc_generated_files/CryptoAuthenticationLibrary/basic/atca_basic_sign.o
 .debug_str     0x0000000000001997       0xb7 build/AWS_IOT/production/mcc_generated_files/CryptoAuthenticationLibrary/basic/atca_basic_verify.o
 .debug_str     0x0000000000001a4e       0x4f build/AWS_IOT/production/mcc_generated_files/CryptoAuthenticationLibrary/hal/atca_hal.o
 .debug_str     0x0000000000001a9d       0x59 build/AWS_IOT/production/mcc_generated_files/CryptoAuthenticationLibrary/hal/atca_i2c_hal.o
 .debug_str     0x0000000000001af6       0x26 build/AWS_IOT/production/mcc_generated_files/CryptoAuthenticationLibrary/hal/hal_i2c_timer.o
 .debug_str     0x0000000000001b1c       0x1a build/AWS_IOT/production/mcc_generated_files/CryptoAuthenticationLibrary/atca_command.o
 .debug_str     0x0000000000001b36       0x2f build/AWS_IOT/production/mcc_generated_files/CryptoAuthenticationLibrary/atca_device.o
 .debug_str     0x0000000000001b65       0x5f build/AWS_IOT/production/mcc_generated_files/CryptoAuthenticationLibrary/atca_execution.o
 .debug_str     0x0000000000001bc4       0x7d build/AWS_IOT/production/mcc_generated_files/CryptoAuthenticationLibrary/atca_iface.o
 .debug_str     0x0000000000001c41       0x17 build/AWS_IOT/production/mcc_generated_files/drivers/spi_master.o
 .debug_str     0x0000000000001c58       0xaa build/AWS_IOT/production/mcc_generated_files/drivers/timeout.o
 .debug_str     0x0000000000001d02       0x8b build/AWS_IOT/production/mcc_generated_files/drivers/i2c_simple_master.o
 .debug_str     0x0000000000001d8d        0x0 build/AWS_IOT/production/mcc_generated_files/drivers/uart.o
 .debug_str     0x0000000000001d8d       0x67 build/AWS_IOT/production/mcc_generated_files/mqtt/mqtt_comm_bsd/mqtt_comm_layer.o
 .debug_str     0x0000000000001df4      0x14a build/AWS_IOT/production/mcc_generated_files/mqtt/mqtt_core/mqtt_core.o
 .debug_str     0x0000000000001f3e        0xe build/AWS_IOT/production/mcc_generated_files/mqtt/mqtt_exchange_buffer/mqtt_exchange_buffer.o
 .debug_str     0x0000000000001f4c        0x0 build/AWS_IOT/production/mcc_generated_files/mqtt/mqtt_packetTransfer_interface.o
 .debug_str     0x0000000000001f4c       0x58 build/AWS_IOT/production/mcc_generated_files/mqtt/mqtt_winc_adapter.o
 .debug_str     0x0000000000001fa4       0x25 build/AWS_IOT/production/mcc_generated_files/src/pin_manager.o
 .debug_str     0x0000000000001fc9       0x13 build/AWS_IOT/production/mcc_generated_files/src/cpuint.o
 .debug_str     0x0000000000001fdc       0x17 build/AWS_IOT/production/mcc_generated_files/src/spi0.o
 .debug_str     0x0000000000001ff3        0x9 build/AWS_IOT/production/mcc_generated_files/src/rtc.o
 .debug_str     0x0000000000001ffc        0xf build/AWS_IOT/production/mcc_generated_files/src/twi0_master.o
 .debug_str     0x000000000000200b        0x8 build/AWS_IOT/production/mcc_generated_files/src/adc0.o
 .debug_str     0x0000000000002013        0x0 build/AWS_IOT/production/mcc_generated_files/src/usart2.o
 .debug_str     0x0000000000002013       0x72 build/AWS_IOT/production/mcc_generated_files/winc/driver/winc_spi.o
 .debug_str     0x0000000000002085       0x3a build/AWS_IOT/production/mcc_generated_files/winc/driver/winc_adapter.o
 .debug_str     0x00000000000020bf      0x123 build/AWS_IOT/production/mcc_generated_files/winc/driver/winc_hif.o
 .debug_str     0x00000000000021e2       0xee build/AWS_IOT/production/mcc_generated_files/winc/driver/winc_asic.o
 .debug_str     0x00000000000022d0      0x129 build/AWS_IOT/production/mcc_generated_files/winc/driver/winc_drv.o
 .debug_str     0x00000000000023f9       0x49 build/AWS_IOT/production/mcc_generated_files/winc/m2m/m2m_ssl.o
 .debug_str     0x0000000000002442      0x401 build/AWS_IOT/production/mcc_generated_files/winc/m2m/m2m_wifi.o
 .debug_str     0x0000000000002843       0x2f build/AWS_IOT/production/mcc_generated_files/winc/m2m/m2m_fwinfo.o
 .debug_str     0x0000000000002872      0x163 build/AWS_IOT/production/mcc_generated_files/winc/socket/socket.o
 .debug_str     0x00000000000029d5       0xbd build/AWS_IOT/production/mcc_generated_files/winc/spi_flash/spi_flash.o
 .debug_str     0x0000000000002a92       0xcc build/AWS_IOT/production/mcc_generated_files/mcc.o
 .debug_str     0x0000000000002b5e       0x26 build/AWS_IOT/production/mcc_generated_files/delay.o
 .debug_str     0x0000000000002b84        0x0 build/AWS_IOT/production/mcc_generated_files/device_config.o
 .debug_str     0x0000000000002b84      0x1b9 build/AWS_IOT/production/mcc_generated_files/application_manager.o
 .debug_str     0x0000000000002d3d        0x0 build/AWS_IOT/production/mcc_generated_files/debug_print.o
 .debug_str     0x0000000000002d3d       0x34 build/AWS_IOT/production/mcc_generated_files/led.o
 .debug_str     0x0000000000002d71       0x29 build/AWS_IOT/production/mcc_generated_files/sensors_handling.o
 .debug_str     0x0000000000002d9a       0x37 build/AWS_IOT/production/mcc_generated_files/time_service.o
 .debug_str     0x0000000000002dd1       0x20 build/AWS_IOT/production/mcc_generated_files/CryptoAuth_init.o
 .debug_str     0x0000000000002df1       0x1e build/AWS_IOT/production/main.o

.debug_loc      0x0000000000000000    0x10f59
 *(.debug_loc)
 .debug_loc     0x0000000000000000      0x3b0 build/AWS_IOT/production/mcc_generated_files/cli/cli.o
 .debug_loc     0x00000000000003b0      0x5ec build/AWS_IOT/production/mcc_generated_files/cloud/crypto_client/crypto_client.o
 .debug_loc     0x000000000000099c      0x3c4 build/AWS_IOT/production/mcc_generated_files/cloud/cloud_service.o
 .debug_loc     0x0000000000000d60      0x385 build/AWS_IOT/production/mcc_generated_files/cloud/wifi_service.o
 .debug_loc     0x00000000000010e5      0x1a4 build/AWS_IOT/production/mcc_generated_files/cloud/mqtt_service.o
 .debug_loc     0x0000000000001289      0x269 build/AWS_IOT/production/mcc_generated_files/cloud/aws_cloud_service.o
 .debug_loc     0x00000000000014f2      0x461 build/AWS_IOT/production/mcc_generated_files/CryptoAuthenticationLibrary/basic/atca_basic.o
 .debug_loc     0x0000000000001953      0x55c build/AWS_IOT/production/mcc_generated_files/CryptoAuthenticationLibrary/basic/atca_basic_ecdh.o
 .debug_loc     0x0000000000001eaf      0x1d8 build/AWS_IOT/production/mcc_generated_files/CryptoAuthenticationLibrary/basic/atca_basic_genkey.o
 .debug_loc     0x0000000000002087      0x136 build/AWS_IOT/production/mcc_generated_files/CryptoAuthenticationLibrary/basic/atca_basic_lock.o
 .debug_loc     0x00000000000021bd      0x447 build/AWS_IOT/production/mcc_generated_files/CryptoAuthenticationLibrary/basic/atca_basic_nonce.o
 .debug_loc     0x0000000000002604       0x79 build/AWS_IOT/production/mcc_generated_files/CryptoAuthenticationLibrary/basic/atca_basic_random.o
 .debug_loc     0x000000000000267d      0xee3 build/AWS_IOT/production/mcc_generated_files/CryptoAuthenticationLibrary/basic/atca_basic_read.o
 .debug_loc     0x0000000000003560      0x322 build/AWS_IOT/production/mcc_generated_files/CryptoAuthenticationLibrary/basic/atca_basic_sign.o
 .debug_loc     0x0000000000003882      0xfdb build/AWS_IOT/production/mcc_generated_files/CryptoAuthenticationLibrary/basic/atca_basic_verify.o
 .debug_loc     0x000000000000485d      0x1a3 build/AWS_IOT/production/mcc_generated_files/CryptoAuthenticationLibrary/hal/atca_hal.o
 .debug_loc     0x0000000000004a00      0x2f5 build/AWS_IOT/production/mcc_generated_files/CryptoAuthenticationLibrary/hal/atca_i2c_hal.o
 .debug_loc     0x0000000000004cf5       0xf2 build/AWS_IOT/production/mcc_generated_files/CryptoAuthenticationLibrary/hal/hal_i2c_timer.o
 .debug_loc     0x0000000000004de7      0xb39 build/AWS_IOT/production/mcc_generated_files/CryptoAuthenticationLibrary/atca_command.o
 .debug_loc     0x0000000000005920      0x19d build/AWS_IOT/production/mcc_generated_files/CryptoAuthenticationLibrary/atca_device.o
 .debug_loc     0x0000000000005abd      0x239 build/AWS_IOT/production/mcc_generated_files/CryptoAuthenticationLibrary/atca_execution.o
 .debug_loc     0x0000000000005cf6      0x41b build/AWS_IOT/production/mcc_generated_files/CryptoAuthenticationLibrary/atca_iface.o
 .debug_loc     0x0000000000006111       0x3a build/AWS_IOT/production/mcc_generated_files/drivers/spi_master.o
 .debug_loc     0x000000000000614b      0x864 build/AWS_IOT/production/mcc_generated_files/drivers/timeout.o
 .debug_loc     0x00000000000069af      0x512 build/AWS_IOT/production/mcc_generated_files/drivers/i2c_simple_master.o
 .debug_loc     0x0000000000006ec1      0x11e build/AWS_IOT/production/mcc_generated_files/mqtt/mqtt_comm_bsd/mqtt_comm_layer.o
 .debug_loc     0x0000000000006fdf      0xacc build/AWS_IOT/production/mcc_generated_files/mqtt/mqtt_core/mqtt_core.o
 .debug_loc     0x0000000000007aab      0x30b build/AWS_IOT/production/mcc_generated_files/mqtt/mqtt_exchange_buffer/mqtt_exchange_buffer.o
 .debug_loc     0x0000000000007db6     0x178a build/AWS_IOT/production/mcc_generated_files/mqtt/mqtt_winc_adapter.o
 .debug_loc     0x0000000000009540       0x78 build/AWS_IOT/production/mcc_generated_files/src/pin_manager.o
 .debug_loc     0x00000000000095b8       0x2a build/AWS_IOT/production/mcc_generated_files/src/cpuint.o
 .debug_loc     0x00000000000095e2      0x27a build/AWS_IOT/production/mcc_generated_files/src/spi0.o
 .debug_loc     0x000000000000985c      0x507 build/AWS_IOT/production/mcc_generated_files/src/twi0_master.o
 .debug_loc     0x0000000000009d63       0xa2 build/AWS_IOT/production/mcc_generated_files/src/adc0.o
 .debug_loc     0x0000000000009e05      0x123 build/AWS_IOT/production/mcc_generated_files/src/usart2.o
 .debug_loc     0x0000000000009f28      0x913 build/AWS_IOT/production/mcc_generated_files/winc/driver/winc_spi.o
 .debug_loc     0x000000000000a83b      0x1d3 build/AWS_IOT/production/mcc_generated_files/winc/driver/winc_adapter.o
 .debug_loc     0x000000000000aa0e      0x404 build/AWS_IOT/production/mcc_generated_files/winc/driver/winc_hif.o
 .debug_loc     0x000000000000ae12      0x1e1 build/AWS_IOT/production/mcc_generated_files/winc/driver/winc_asic.o
 .debug_loc     0x000000000000aff3       0x9a build/AWS_IOT/production/mcc_generated_files/winc/driver/winc_drv.o
 .debug_loc     0x000000000000b08d      0x7c1 build/AWS_IOT/production/mcc_generated_files/winc/m2m/m2m_ssl.o
 .debug_loc     0x000000000000b84e     0x1e98 build/AWS_IOT/production/mcc_generated_files/winc/m2m/m2m_wifi.o
 .debug_loc     0x000000000000d6e6      0x228 build/AWS_IOT/production/mcc_generated_files/winc/m2m/m2m_fwinfo.o
 .debug_loc     0x000000000000d90e     0x2194 build/AWS_IOT/production/mcc_generated_files/winc/socket/socket.o
 .debug_loc     0x000000000000faa2      0x732 build/AWS_IOT/production/mcc_generated_files/winc/spi_flash/spi_flash.o
 .debug_loc     0x00000000000101d4      0x172 build/AWS_IOT/production/mcc_generated_files/mcc.o
 .debug_loc     0x0000000000010346      0x15e build/AWS_IOT/production/mcc_generated_files/delay.o
 .debug_loc     0x00000000000104a4      0x2b9 build/AWS_IOT/production/mcc_generated_files/application_manager.o
 .debug_loc     0x000000000001075d       0xb8 build/AWS_IOT/production/mcc_generated_files/debug_print.o
 .debug_loc     0x0000000000010815      0x5a4 build/AWS_IOT/production/mcc_generated_files/led.o
 .debug_loc     0x0000000000010db9       0x43 build/AWS_IOT/production/mcc_generated_files/sensors_handling.o
 .debug_loc     0x0000000000010dfc      0x13f build/AWS_IOT/production/mcc_generated_files/time_service.o
 .debug_loc     0x0000000000010f3b       0x1e build/AWS_IOT/production/mcc_generated_files/CryptoAuth_init.o

.debug_macinfo
 *(.debug_macinfo)

.debug_weaknames
 *(.debug_weaknames)

.debug_funcnames
 *(.debug_funcnames)

.debug_typenames
 *(.debug_typenames)

.debug_varnames
 *(.debug_varnames)

.debug_pubtypes
 *(.debug_pubtypes)

.debug_ranges   0x0000000000000000     0x17e0
 *(.debug_ranges)
 .debug_ranges  0x0000000000000000       0x98 build/AWS_IOT/production/mcc_generated_files/cli/cli.o
 .debug_ranges  0x0000000000000098       0x60 build/AWS_IOT/production/mcc_generated_files/cloud/crypto_client/crypto_client.o
 .debug_ranges  0x00000000000000f8       0x58 build/AWS_IOT/production/mcc_generated_files/cloud/cloud_service.o
 .debug_ranges  0x0000000000000150       0x68 build/AWS_IOT/production/mcc_generated_files/cloud/wifi_service.o
 .debug_ranges  0x00000000000001b8       0x40 build/AWS_IOT/production/mcc_generated_files/cloud/mqtt_service.o
 .debug_ranges  0x00000000000001f8       0x50 build/AWS_IOT/production/mcc_generated_files/cloud/aws_cloud_service.o
 .debug_ranges  0x0000000000000248       0x10 build/AWS_IOT/production/mcc_generated_files/credentials_storage/credentials_storage.o
 .debug_ranges  0x0000000000000258       0x70 build/AWS_IOT/production/mcc_generated_files/CryptoAuthenticationLibrary/basic/atca_basic.o
 .debug_ranges  0x00000000000002c8       0x38 build/AWS_IOT/production/mcc_generated_files/CryptoAuthenticationLibrary/basic/atca_basic_ecdh.o
 .debug_ranges  0x0000000000000300       0x20 build/AWS_IOT/production/mcc_generated_files/CryptoAuthenticationLibrary/basic/atca_basic_genkey.o
 .debug_ranges  0x0000000000000320       0x38 build/AWS_IOT/production/mcc_generated_files/CryptoAuthenticationLibrary/basic/atca_basic_lock.o
 .debug_ranges  0x0000000000000358       0x38 build/AWS_IOT/production/mcc_generated_files/CryptoAuthenticationLibrary/basic/atca_basic_nonce.o
 .debug_ranges  0x0000000000000390       0x10 build/AWS_IOT/production/mcc_generated_files/CryptoAuthenticationLibrary/basic/atca_basic_random.o
 .debug_ranges  0x00000000000003a0       0x58 build/AWS_IOT/production/mcc_generated_files/CryptoAuthenticationLibrary/basic/atca_basic_read.o
 .debug_ranges  0x00000000000003f8       0x20 build/AWS_IOT/production/mcc_generated_files/CryptoAuthenticationLibrary/basic/atca_basic_sign.o
 .debug_ranges  0x0000000000000418       0x48 build/AWS_IOT/production/mcc_generated_files/CryptoAuthenticationLibrary/basic/atca_basic_verify.o
 .debug_ranges  0x0000000000000460       0x20 build/AWS_IOT/production/mcc_generated_files/CryptoAuthenticationLibrary/hal/atca_hal.o
 .debug_ranges  0x0000000000000480       0x58 build/AWS_IOT/production/mcc_generated_files/CryptoAuthenticationLibrary/hal/atca_i2c_hal.o
 .debug_ranges  0x00000000000004d8       0x18 build/AWS_IOT/production/mcc_generated_files/CryptoAuthenticationLibrary/hal/hal_i2c_timer.o
 .debug_ranges  0x00000000000004f0      0x100 build/AWS_IOT/production/mcc_generated_files/CryptoAuthenticationLibrary/atca_command.o
 .debug_ranges  0x00000000000005f0       0x28 build/AWS_IOT/production/mcc_generated_files/CryptoAuthenticationLibrary/atca_device.o
 .debug_ranges  0x0000000000000618       0x18 build/AWS_IOT/production/mcc_generated_files/CryptoAuthenticationLibrary/atca_execution.o
 .debug_ranges  0x0000000000000630       0x60 build/AWS_IOT/production/mcc_generated_files/CryptoAuthenticationLibrary/atca_iface.o
 .debug_ranges  0x0000000000000690       0x18 build/AWS_IOT/production/mcc_generated_files/drivers/spi_master.o
 .debug_ranges  0x00000000000006a8       0xd0 build/AWS_IOT/production/mcc_generated_files/drivers/timeout.o
 .debug_ranges  0x0000000000000778       0x68 build/AWS_IOT/production/mcc_generated_files/drivers/i2c_simple_master.o
 .debug_ranges  0x00000000000007e0       0x38 build/AWS_IOT/production/mcc_generated_files/mqtt/mqtt_comm_bsd/mqtt_comm_layer.o
 .debug_ranges  0x0000000000000818       0xb8 build/AWS_IOT/production/mcc_generated_files/mqtt/mqtt_core/mqtt_core.o
 .debug_ranges  0x00000000000008d0       0x28 build/AWS_IOT/production/mcc_generated_files/mqtt/mqtt_exchange_buffer/mqtt_exchange_buffer.o
 .debug_ranges  0x00000000000008f8       0x18 build/AWS_IOT/production/mcc_generated_files/mqtt/mqtt_packetTransfer_interface.o
 .debug_ranges  0x0000000000000910       0xe8 build/AWS_IOT/production/mcc_generated_files/mqtt/mqtt_winc_adapter.o
 .debug_ranges  0x00000000000009f8      0x150 build/AWS_IOT/production/mcc_generated_files/src/pin_manager.o
 .debug_ranges  0x0000000000000b48       0x10 build/AWS_IOT/production/mcc_generated_files/src/cpuint.o
 .debug_ranges  0x0000000000000b58       0x88 build/AWS_IOT/production/mcc_generated_files/src/spi0.o
 .debug_ranges  0x0000000000000be0       0x90 build/AWS_IOT/production/mcc_generated_files/src/rtc.o
 .debug_ranges  0x0000000000000c70      0x1e8 build/AWS_IOT/production/mcc_generated_files/src/twi0_master.o
 .debug_ranges  0x0000000000000e58       0x98 build/AWS_IOT/production/mcc_generated_files/src/adc0.o
 .debug_ranges  0x0000000000000ef0       0xb0 build/AWS_IOT/production/mcc_generated_files/src/usart2.o
 .debug_ranges  0x0000000000000fa0       0x88 build/AWS_IOT/production/mcc_generated_files/winc/driver/winc_spi.o
 .debug_ranges  0x0000000000001028       0x78 build/AWS_IOT/production/mcc_generated_files/winc/driver/winc_adapter.o
 .debug_ranges  0x00000000000010a0       0x58 build/AWS_IOT/production/mcc_generated_files/winc/driver/winc_hif.o
 .debug_ranges  0x00000000000010f8       0x58 build/AWS_IOT/production/mcc_generated_files/winc/driver/winc_asic.o
 .debug_ranges  0x0000000000001150       0x20 build/AWS_IOT/production/mcc_generated_files/winc/driver/winc_drv.o
 .debug_ranges  0x0000000000001170       0x70 build/AWS_IOT/production/mcc_generated_files/winc/m2m/m2m_ssl.o
 .debug_ranges  0x00000000000011e0      0x298 build/AWS_IOT/production/mcc_generated_files/winc/m2m/m2m_wifi.o
 .debug_ranges  0x0000000000001478       0x18 build/AWS_IOT/production/mcc_generated_files/winc/m2m/m2m_fwinfo.o
 .debug_ranges  0x0000000000001490      0x128 build/AWS_IOT/production/mcc_generated_files/winc/socket/socket.o
 .debug_ranges  0x00000000000015b8       0x50 build/AWS_IOT/production/mcc_generated_files/winc/spi_flash/spi_flash.o
 .debug_ranges  0x0000000000001608       0x38 build/AWS_IOT/production/mcc_generated_files/mcc.o
 .debug_ranges  0x0000000000001640       0x18 build/AWS_IOT/production/mcc_generated_files/delay.o
 .debug_ranges  0x0000000000001658       0x70 build/AWS_IOT/production/mcc_generated_files/application_manager.o
 .debug_ranges  0x00000000000016c8       0x28 build/AWS_IOT/production/mcc_generated_files/debug_print.o
 .debug_ranges  0x00000000000016f0       0x58 build/AWS_IOT/production/mcc_generated_files/led.o
 .debug_ranges  0x0000000000001748       0x18 build/AWS_IOT/production/mcc_generated_files/sensors_handling.o
 .debug_ranges  0x0000000000001760       0x60 build/AWS_IOT/production/mcc_generated_files/time_service.o
 .debug_ranges  0x00000000000017c0       0x10 build/AWS_IOT/production/mcc_generated_files/CryptoAuth_init.o
 .debug_ranges  0x00000000000017d0       0x10 build/AWS_IOT/production/main.o

.debug_macro
 *(.debug_macro)
OUTPUT(dist/AWS_IOT/production/memory_pill_aws.X.production.elf elf32-avr)
LOAD linker stubs
LOAD data_init

.note.gnu.avr.deviceinfo
                0x0000000000000000       0x40
 .note.gnu.avr.deviceinfo
                0x0000000000000000       0x40 /Applications/microchip/xc8/v2.30/dfp/xc8/avr/lib/avrxmega3/crtatmega4808.o

.bss.test.6174  0x000000000080343d        0x1
 .bss.test.6174
                0x000000000080343d        0x1 build/AWS_IOT/production/mcc_generated_files/cli/cli.o

.bss.ateccsn    0x0000000000803401        0x2
 .bss.ateccsn   0x0000000000803401        0x2 build/AWS_IOT/production/mcc_generated_files/cli/cli.o

.bss.commandTooLongFlag
                0x000000000080343e        0x1
 .bss.commandTooLongFlag
                0x000000000080343e        0x1 build/AWS_IOT/production/mcc_generated_files/cli/cli.o

.bss.index      0x000000000080343f        0x1
 .bss.index     0x000000000080343f        0x1 build/AWS_IOT/production/mcc_generated_files/cli/cli.o

.bss.command    0x0000000000802fdb       0x64
 .bss.command   0x0000000000802fdb       0x64 build/AWS_IOT/production/mcc_generated_files/cli/cli.o

.bss.g_ecdh_key_slot_index
                0x00000000008033cd        0x4
 .bss.g_ecdh_key_slot_index
                0x00000000008033cd        0x4 build/AWS_IOT/production/mcc_generated_files/cloud/crypto_client/crypto_client.o

.bss.subscriptionTopicCount.5378
                0x0000000000803440        0x1
 .bss.subscriptionTopicCount.5378
                0x0000000000803440        0x1 build/AWS_IOT/production/mcc_generated_files/cloud/cloud_service.o

.bss.wifiConnectionStateChangedCallback
                0x0000000000803403        0x2
 .bss.wifiConnectionStateChangedCallback
                0x0000000000803403        0x2 build/AWS_IOT/production/mcc_generated_files/cloud/wifi_service.o
                0x0000000000803403                wifiConnectionStateChangedCallback

.bss.responseFromProvisionConnect
                0x0000000000803441        0x1
 .bss.responseFromProvisionConnect
                0x0000000000803441        0x1 build/AWS_IOT/production/mcc_generated_files/cloud/wifi_service.o

.bss.publishRecvInfo
                0x0000000000803405        0x2
 .bss.publishRecvInfo
                0x0000000000803405        0x2 build/AWS_IOT/production/mcc_generated_files/cloud/mqtt_service.o

.bss._gDevice   0x0000000000803407        0x2
 .bss._gDevice  0x0000000000803407        0x2 build/AWS_IOT/production/mcc_generated_files/CryptoAuthenticationLibrary/basic/atca_basic.o
                0x0000000000803407                _gDevice

.bss.i2c_address
                0x0000000000803442        0x1
 .bss.i2c_address
                0x0000000000803442        0x1 build/AWS_IOT/production/mcc_generated_files/CryptoAuthenticationLibrary/hal/atca_i2c_hal.o
                0x0000000000803442                i2c_address

.bss.isRunning  0x0000000000803443        0x1
 .bss.isRunning
                0x0000000000803443        0x1 build/AWS_IOT/production/mcc_generated_files/drivers/timeout.o
                0x0000000000803443                isRunning

.bss.lastTimerLoad
                0x00000000008033d5        0x4
 .bss.lastTimerLoad
                0x00000000008033d5        0x4 build/AWS_IOT/production/mcc_generated_files/drivers/timeout.o
                0x00000000008033d5                lastTimerLoad

.bss.absoluteTimeofLastTimeout
                0x00000000008033d9        0x4
 .bss.absoluteTimeofLastTimeout
                0x00000000008033d9        0x4 build/AWS_IOT/production/mcc_generated_files/drivers/timeout.o
                0x00000000008033d9                absoluteTimeofLastTimeout

.bss.executeQueueHead
                0x0000000000803409        0x2
 .bss.executeQueueHead
                0x0000000000803409        0x2 build/AWS_IOT/production/mcc_generated_files/drivers/timeout.o
                0x0000000000803409                executeQueueHead

.bss.listHead   0x000000000080340b        0x2
 .bss.listHead  0x000000000080340b        0x2 build/AWS_IOT/production/mcc_generated_files/drivers/timeout.o
                0x000000000080340b                listHead

.bss.lastSentSize
                0x000000000080340d        0x2
 .bss.lastSentSize
                0x000000000080340d        0x2 build/AWS_IOT/production/mcc_generated_files/mqtt/mqtt_comm_bsd/mqtt_comm_layer.o

.bss.mqttRxBuff
                0x00000000008029ea      0x190
 .bss.mqttRxBuff
                0x00000000008029ea      0x190 build/AWS_IOT/production/mcc_generated_files/mqtt/mqtt_comm_bsd/mqtt_comm_layer.o

.bss.mqttTxBuff
                0x0000000000802b7a      0x190
 .bss.mqttTxBuff
                0x0000000000802b7a      0x190 build/AWS_IOT/production/mcc_generated_files/mqtt/mqtt_comm_bsd/mqtt_comm_layer.o

.bss.mqttConn   0x000000000080325e       0x12
 .bss.mqttConn  0x000000000080325e       0x12 build/AWS_IOT/production/mcc_generated_files/mqtt/mqtt_comm_bsd/mqtt_comm_layer.o

.bss.mqttState  0x0000000000803445        0x1
 .bss.mqttState
                0x0000000000803445        0x1 build/AWS_IOT/production/mcc_generated_files/mqtt/mqtt_core/mqtt_core.o

.bss.lastReceivedLength
                0x000000000080340f        0x2
 .bss.lastReceivedLength
                0x000000000080340f        0x2 build/AWS_IOT/production/mcc_generated_files/mqtt/mqtt_core/mqtt_core.o

.bss.lastReceivedPacketHeader
                0x0000000000803446        0x1
 .bss.lastReceivedPacketHeader
                0x0000000000803446        0x1 build/AWS_IOT/production/mcc_generated_files/mqtt/mqtt_core/mqtt_core.o

.bss.lastMQTTHandlerState
                0x0000000000803447        0x1
 .bss.lastMQTTHandlerState
                0x0000000000803447        0x1 build/AWS_IOT/production/mcc_generated_files/mqtt/mqtt_core/mqtt_core.o

.bss.mqttTimeouts
                0x0000000000803448        0x1
 .bss.mqttTimeouts
                0x0000000000803448        0x1 build/AWS_IOT/production/mcc_generated_files/mqtt/mqtt_core/mqtt_core.o

.bss.txUnsubscribePacket
                0x00000000008032ac        0xd
 .bss.txUnsubscribePacket
                0x00000000008032ac        0xd build/AWS_IOT/production/mcc_generated_files/mqtt/mqtt_core/mqtt_core.o

.bss.txSubscribePacket
                0x0000000000803290        0xe
 .bss.txSubscribePacket
                0x0000000000803290        0xe build/AWS_IOT/production/mcc_generated_files/mqtt/mqtt_core/mqtt_core.o

.bss.txPublishPacket
                0x0000000000803280       0x10
 .bss.txPublishPacket
                0x0000000000803280       0x10 build/AWS_IOT/production/mcc_generated_files/mqtt/mqtt_core/mqtt_core.o

.bss.txConnectPacket
                0x00000000008031d4       0x1d
 .bss.txConnectPacket
                0x00000000008031d4       0x1d build/AWS_IOT/production/mcc_generated_files/mqtt/mqtt_core/mqtt_core.o

.bss.mqttRxFlags
                0x0000000000803449        0x1
 .bss.mqttRxFlags